******************************************************************************
                  TI ARM Linker PC v18.1.1                     
******************************************************************************
>> Linked Thu Jul  4 19:11:36 2019

OUTPUT FILE NAME:   <testRTOS.out>
ENTRY POINT SYMBOL: "_c_int00_noargs"  address: 0000adb1


MEMORY CONFIGURATION

         name            origin    length      used     unused   attr    fill
----------------------  --------  ---------  --------  --------  ----  --------
  RAM                   00000020   ffffffe0  0000b488  ffff4b58  RWIX


SEGMENT ALLOCATION MAP

run origin  load origin   length   init length attrs members
----------  ----------- ---------- ----------- ----- -------
00000020    00000020    00007734   00000000    rw-
  00000020    00000020    00007734   00000000    rw- .bss
00007754    00007754    00003ac4   00003ac4    r-x
  00007754    00007754    000037bc   000037bc    r-x .text
  0000af10    0000af10    00000308   00000308    r-- .const
0000b218    0000b218    00000260   00000000    rw-
  0000b218    0000b218    00000060   00000000    rw- .data
  0000b278    0000b278    00000200   00000000    rw- .stack
0000b478    0000b478    00000030   00000030    r--
  0000b478    0000b478    00000030   00000030    r-- .cinit


SECTION ALLOCATION MAP

 output                                  attributes/
section   page    origin      length       input sections
--------  ----  ----------  ----------   ----------------
.bss       0    00000020    00007734     UNINITIALIZED
                  00000020    00007530     heap_1.obj (.bss:ucHeap)
                  00007550    00000140     tasks.obj (.bss:pxReadyTasksLists)
                  00007690    00000050     (.common:xQueueRegistry)
                  000076e0    00000014     tasks.obj (.bss:xDelayedTaskList1$1)
                  000076f4    00000014     tasks.obj (.bss:xDelayedTaskList2$2)
                  00007708    00000014     tasks.obj (.bss:xPendingReadyList)
                  0000771c    00000014     tasks.obj (.bss:xSuspendedTaskList)
                  00007730    00000014     tasks.obj (.bss:xTasksWaitingTermination)
                  00007744    00000008     tasks.obj (.bss)
                  0000774c    00000004     (.common:Returned)
                  00007750    00000004     (.common:Semaphore_Tx)

.text      0    00007754    000037bc     
                  00007754    000018c4     tasks.obj (.text)
                  00009018    00000cac     queue.obj (.text)
                  00009cc4    00000200     driverlib.lib : sysctl.obj (.text:SysCtlClockFreqSet)
                  00009ec4    000001c8     main.obj (.text)
                  0000a08c    0000013c     port.obj (.text)
                  0000a1c8    00000136     driverlib.lib : can.obj (.text:CANMessageSet)
                  0000a2fe    00000132                   : gpio.obj (.text:GPIOPadConfigSet)
                  0000a430    0000012a     list.obj (.text)
                  0000a55a    00000002     --HOLE-- [fill = 0]
                  0000a55c    00000110     driverlib.lib : sysctl.obj (.text:SysCtlClockGet)
                  0000a66c    0000010e                   : can.obj (.text:CANMessageGet)
                  0000a77a    00000002     --HOLE-- [fill = 0]
                  0000a77c    000000fc     can.obj (.text)
                  0000a878    000000da     portasm.obj (.text)
                  0000a952    00000002     --HOLE-- [fill = 0]
                  0000a954    0000009c     heap_1.obj (.text)
                  0000a9f0    0000009c     rtsv7M4_T_le_v4SPD16_eabi.lib : memcpy_t2.asm.obj (.text)
                  0000aa8c    0000007a                                   : memset_t2.asm.obj (.text)
                  0000ab06    00000002     --HOLE-- [fill = 0]
                  0000ab08    0000006c     driverlib.lib : can.obj (.text:CANBitRateSet)
                  0000ab74    00000068     rtsv7M4_T_le_v4SPD16_eabi.lib : copy_decompress_lzss.c.obj (.text:decompress:lzss:__TI_decompress_lzss)
                  0000abdc    0000004c     led.obj (.text)
                  0000ac28    00000048     driverlib.lib : gpio.obj (.text:GPIOPinConfigure)
                  0000ac70    00000048                   : sysctl.obj (.text:_SysCtlFrequencyGet)
                  0000acb8    00000044     rtsv7M4_T_le_v4SPD16_eabi.lib : autoinit.c.obj (.text:__TI_auto_init_nobinit_nopinit:__TI_auto_init_nobinit_nopinit)
                  0000acfc    00000040     driverlib.lib : can.obj (.text:CANStatusGet)
                  0000ad3c    0000003a                   : can.obj (.text:CANInit)
                  0000ad76    00000002     --HOLE-- [fill = 0]
                  0000ad78    00000038                   : sysctl.obj (.text:SysCtlPeripheralReady)
                  0000adb0    00000038     rtsv7M4_T_le_v4SPD16_eabi.lib : boot_cortex_m.c.obj (.text:_c_int00_noargs:_c_int00_noargs)
                  0000ade8    00000034     driverlib.lib : sysctl.obj (.text:SysCtlPeripheralEnable)
                  0000ae1c    0000002a                   : gpio.obj (.text:GPIODirModeSet)
                  0000ae46    0000002a                   : can.obj (.text:_CANDataRegRead)
                  0000ae70    00000024                   : can.obj (.text:_CANDataRegWrite)
                  0000ae94    00000020                   : sysctl.obj (.text:_SysCtlMemTimingGet)
                  0000aeb4    00000018                   : gpio.obj (.text:GPIOPinTypeGPIOOutput)
                  0000aecc    00000012                   : gpio.obj (.text:GPIOPinTypeCAN)
                  0000aede    0000000e     rtsv7M4_T_le_v4SPD16_eabi.lib : copy_decompress_none.c.obj (.text:decompress:none:__TI_decompress_none)
                  0000aeec    0000000c                                   : copy_zero_init.c.obj (.text:decompress:ZI:__TI_zero_init)
                  0000aef8    0000000a     driverlib.lib : can.obj (.text:CANEnable)
                  0000af02    00000006                   : gpio.obj (.text:GPIOPinWrite)
                  0000af08    00000004     rtsv7M4_T_le_v4SPD16_eabi.lib : pre_init.c.obj (.text:_system_pre_init)
                  0000af0c    00000004                                   : exit.c.obj (.text:abort:abort)

.const     0    0000af10    00000308     
                  0000af10    000001b0     driverlib.lib : sysctl.obj (.const:g_pppui32XTALtoVCO)
                  0000b0c0    00000090                   : gpio.obj (.const:g_pui32GPIOBaseAddrs)
                  0000b150    0000006c                   : sysctl.obj (.const:g_pui32Xtals)
                  0000b1bc    00000030                   : sysctl.obj (.const:g_sXTALtoMEMTIM)
                  0000b1ec    00000020                   : can.obj (.const)
                  0000b20c    00000008                   : sysctl.obj (.const)
                  0000b214    00000004     port.obj (.const)

.data      0    0000b218    00000060     UNINITIALIZED
                  0000b218    00000034     tasks.obj (.data)
                  0000b24c    00000020     main.obj (.data)
                  0000b26c    00000008     heap_1.obj (.data)
                  0000b274    00000004     port.obj (.data)

.cinit     0    0000b478    00000030     
                  0000b478    0000000c     (__TI_handler_table)
                  0000b484    0000000b     (.cinit..data.load) [load image, compression = lzss]
                  0000b48f    00000001     --HOLE-- [fill = 0]
                  0000b490    00000008     (.cinit..bss.load) [load image, compression = zero_init]
                  0000b498    00000010     (__TI_cinit_table)

.init_array 
*          0    00000020    00000000     UNINITIALIZED

.stack     0    0000b278    00000200     UNINITIALIZED
                  0000b278    00000004     rtsv7M4_T_le_v4SPD16_eabi.lib : boot_cortex_m.c.obj (.stack)
                  0000b27c    000001fc     --HOLE--

MODULE SUMMARY

       Module                       code    ro data   rw data
       ------                       ----    -------   -------
    .\
       heap_1.obj                   156     0         30008  
       tasks.obj                    6340    0         480    
       queue.obj                    3244    0         80     
       main.obj                     456     0         40     
       port.obj                     316     4         4      
       list.obj                     298     0         0      
       portasm.obj                  218     0         0      
    +--+----------------------------+-------+---------+---------+
       Total:                       11028   4         30612  
                                                             
    .\ECUAL\LEDPF3\
       led.obj                      76      0         0      
    +--+----------------------------+-------+---------+---------+
       Total:                       76      0         0      
                                                             
    .\MCAL\CAN\
       can.obj                      252     0         0      
    +--+----------------------------+-------+---------+---------+
       Total:                       252     0         0      
                                                             
    C:/ti/TivaWare_C_Series-2.1.4.178/driverlib/ccs/Debug/driverlib.lib
       sysctl.obj                   996     596       0      
       can.obj                      898     32        0      
       gpio.obj                     468     144       0      
    +--+----------------------------+-------+---------+---------+
       Total:                       2362    772       0      
                                                             
    C:\ti1\ccsv8\tools\compiler\ti-cgt-arm_18.1.1.LTS\lib\rtsv7M4_T_le_v4SPD16_eabi.lib
       memcpy_t2.asm.obj            156     0         0      
       memset_t2.asm.obj            122     0         0      
       copy_decompress_lzss.c.obj   104     0         0      
       autoinit.c.obj               68      0         0      
       boot_cortex_m.c.obj          56      0         0      
       copy_decompress_none.c.obj   14      0         0      
       copy_zero_init.c.obj         12      0         0      
       exit.c.obj                   4       0         0      
       pre_init.c.obj               4       0         0      
    +--+----------------------------+-------+---------+---------+
       Total:                       540     0         0      
                                                             
       Stack:                       0       0         512    
       Linker Generated:            0       47        0      
    +--+----------------------------+-------+---------+---------+
       Grand Total:                 14258   823       31124  


LINKER GENERATED COPY TABLES

__TI_cinit_table @ 0000b498 records: 2, size/record: 8, table size: 16
	.data: load addr=0000b484, load size=0000000b bytes, run addr=0000b218, run size=00000060 bytes, compression=lzss
	.bss: load addr=0000b490, load size=00000008 bytes, run addr=00000020, run size=00007734 bytes, compression=zero_init


LINKER GENERATED HANDLER TABLE

__TI_handler_table @ 0000b478 records: 3, size/record: 4, table size: 12
	index: 0, handler: __TI_decompress_lzss
	index: 1, handler: __TI_decompress_none
	index: 2, handler: __TI_zero_init


GLOBAL SYMBOLS: SORTED ALPHABETICALLY BY Name 

address   name                               
-------   ----                               
0000af0d  C$$EXIT                            
0000a77d  CAN0_init                          
0000ab09  CANBitRateSet                      
0000aef9  CANEnable                          
0000ad3d  CANInit                            
0000a66d  CANMessageGet                      
0000a1c9  CANMessageSet                      
0000acfd  CANStatusGet                       
0000a7eb  CANrec                             
0000a7bb  CANsend                            
0000ae1d  GPIODirModeSet                     
0000a2ff  GPIOPadConfigSet                   
0000ac29  GPIOPinConfigure                   
0000aecd  GPIOPinTypeCAN                     
0000aeb5  GPIOPinTypeGPIOOutput              
0000af03  GPIOPinWrite                       
0000b260  InitHandle                         
0000774c  Returned                           
00007750  Semaphore_Tx                       
0000b268  Semphore_Rx                        
00009cc5  SysCtlClockFreqSet                 
0000a55d  SysCtlClockGet                     
0000ade9  SysCtlPeripheralEnable             
0000ad79  SysCtlPeripheralReady              
0000b264  TokenRingHandle                    
00009ecf  TokenRingInit                      
0000b478  __STACK_END                        
00000200  __STACK_SIZE                       
0000b498  __TI_CINIT_Base                    
0000b4a8  __TI_CINIT_Limit                   
0000b478  __TI_Handler_Table_Base            
0000b484  __TI_Handler_Table_Limit           
0000acb9  __TI_auto_init_nobinit_nopinit     
0000ab75  __TI_decompress_lzss               
0000aedf  __TI_decompress_none               
ffffffff  __TI_pprof_out_hndl                
ffffffff  __TI_prof_data_size                
ffffffff  __TI_prof_data_start               
0000b478  __TI_static_base__                 
0000aeed  __TI_zero_init                     
0000aa8d  __aeabi_memclr                     
0000aa8d  __aeabi_memclr4                    
0000aa8d  __aeabi_memclr8                    
0000a9f1  __aeabi_memcpy                     
0000a9f1  __aeabi_memcpy4                    
0000a9f1  __aeabi_memcpy8                    
0000aa8f  __aeabi_memset                     
0000aa8f  __aeabi_memset4                    
0000aa8f  __aeabi_memset8                    
ffffffff  __binit__                          
ffffffff  __c_args__                         
UNDEFED   __mpu_init                         
0000b278  __stack                            
0000adb1  _c_int00_noargs                    
UNDEFED   _system_post_cinit                 
0000af09  _system_pre_init                   
0000af0d  abort                              
ffffffff  binit                              
00007acd  eTaskGetState                      
0000abdd  ledInit                            
0000b24c  ledInitHandle                      
0000ac11  ledOff                             
0000ac03  ledOn                              
0000b250  ledToggleHandle                    
00009f97  main                               
0000a9f1  memcpy                             
0000aa95  memset                             
00009c39  pcQueueGetName                     
000080b7  pcTaskGetName                      
0000a955  pvPortMalloc                       
00008b3b  pvTaskIncrementMutexHeldCount      
0000b218  pxCurrentTCB                       
0000a08d  pxPortInitialiseStack              
00009f23  receiveToken                       
0000b25c  receiveTokenHandle                 
00009ee5  sendToken                          
0000b254  sendTokenHandle                    
00009f59  taskLed                            
0000b258  taskLedHandle                      
0000998f  ucQueueGetQueueType                
0000b214  ulMaxSyscallInterruptPriority      
0000a889  ulPortGetIPSR                      
00008b59  ulTaskNotifyTake                   
0000a513  uxListRemove                       
0000996f  uxQueueGetQueueNumber              
0000990d  uxQueueMessagesWaiting             
00009943  uxQueueMessagesWaitingFromISR      
00009923  uxQueueSpacesAvailable             
000080b1  uxTaskGetNumberOfTasks             
00008819  uxTaskGetStackHighWaterMark        
000080dd  uxTaskGetSystemState               
000085ad  uxTaskGetTaskNumber                
00007b7d  uxTaskPriorityGet                  
00007ba9  uxTaskPriorityGetFromISR           
00008b19  uxTaskResetEventItemValue          
00009ec5  vApplicationStackOverflowHook      
0000a431  vListInitialise                    
0000a461  vListInitialiseItem                
0000a4ad  vListInsert                        
0000a471  vListInsertEnd                     
0000a945  vPortEnableVFP                     
0000a12d  vPortEndScheduler                  
0000a12f  vPortEnterCritical                 
0000a14f  vPortExitCritical                  
0000a9c5  vPortFree                          
0000a9cf  vPortInitialiseBlocks              
0000a901  vPortSVCHandler                    
0000a18b  vPortSetupTimerInterrupt           
0000a921  vPortStartFirstTask                
00009bf7  vQueueAddToRegistry                
00009959  vQueueDelete                       
0000997d  vQueueSetQueueNumber               
00009c79  vQueueUnregisterQueue              
00007a8d  vTaskDelay                         
000079fd  vTaskDelayUntil                    
0000794f  vTaskDelete                        
00007f6f  vTaskEndScheduler                  
00008689  vTaskGetInfo                       
000084f7  vTaskInternalSetTimeOutState       
000085a5  vTaskMissedYield                   
00008e71  vTaskNotifyGiveFromISR             
0000839b  vTaskPlaceOnEventList              
000083b7  vTaskPlaceOnUnorderedEventList     
00008a43  vTaskPriorityDisinheritAfterTimeout
00007bf1  vTaskPrioritySet                   
00008471  vTaskRemoveFromUnorderedEventList  
00007e1d  vTaskResume                        
000085cd  vTaskSetTaskNumber                 
000084d9  vTaskSetTimeOutState               
00007f25  vTaskStartScheduler                
00007d09  vTaskSuspend                       
00007f91  vTaskSuspendAll                    
000082f9  vTaskSwitchContext                 
0000a9d7  xPortGetFreeHeapSize               
0000a8a1  xPortPendSVHandler                 
0000a0f7  xPortStartScheduler                
0000a165  xPortSysTickHandler                
00009177  xQueueCreateMutex                  
000090b9  xQueueGenericCreate                
00009019  xQueueGenericReset                 
00009223  xQueueGenericSend                  
00009351  xQueueGenericSendFromISR           
000093ed  xQueueGiveFromISR                  
000091a3  xQueueGiveMutexRecursive           
00009b8b  xQueueIsQueueEmptyFromISR          
00009bd1  xQueueIsQueueFullFromISR           
000096fd  xQueuePeek                         
000098bb  xQueuePeekFromISR                  
00009481  xQueueReceive                      
00009821  xQueueReceiveFromISR               
00007690  xQueueRegistry                     
000095a1  xQueueSemaphoreTake                
000091df  xQueueTakeMutexRecursive           
0000851d  xTaskCheckForTimeOut               
00007755  xTaskCreate                        
00008c7b  xTaskGenericNotify                 
00008d65  xTaskGenericNotifyFromISR          
00008891  xTaskGetCurrentTaskHandle          
00008087  xTaskGetTickCount                  
0000809d  xTaskGetTickCountFromISR           
000081d1  xTaskIncrementTick                 
00008f1d  xTaskNotifyStateClear              
00008bd9  xTaskNotifyWait                    
000089a5  xTaskPriorityDisinherit            
000088c5  xTaskPriorityInherit               
000083f1  xTaskRemoveFromEventList           
00007fa5  xTaskResumeAll                     
00007e97  xTaskResumeFromISR                 


GLOBAL SYMBOLS: SORTED BY Symbol Address 

address   name                               
-------   ----                               
00000200  __STACK_SIZE                       
00007690  xQueueRegistry                     
0000774c  Returned                           
00007750  Semaphore_Tx                       
00007755  xTaskCreate                        
0000794f  vTaskDelete                        
000079fd  vTaskDelayUntil                    
00007a8d  vTaskDelay                         
00007acd  eTaskGetState                      
00007b7d  uxTaskPriorityGet                  
00007ba9  uxTaskPriorityGetFromISR           
00007bf1  vTaskPrioritySet                   
00007d09  vTaskSuspend                       
00007e1d  vTaskResume                        
00007e97  xTaskResumeFromISR                 
00007f25  vTaskStartScheduler                
00007f6f  vTaskEndScheduler                  
00007f91  vTaskSuspendAll                    
00007fa5  xTaskResumeAll                     
00008087  xTaskGetTickCount                  
0000809d  xTaskGetTickCountFromISR           
000080b1  uxTaskGetNumberOfTasks             
000080b7  pcTaskGetName                      
000080dd  uxTaskGetSystemState               
000081d1  xTaskIncrementTick                 
000082f9  vTaskSwitchContext                 
0000839b  vTaskPlaceOnEventList              
000083b7  vTaskPlaceOnUnorderedEventList     
000083f1  xTaskRemoveFromEventList           
00008471  vTaskRemoveFromUnorderedEventList  
000084d9  vTaskSetTimeOutState               
000084f7  vTaskInternalSetTimeOutState       
0000851d  xTaskCheckForTimeOut               
000085a5  vTaskMissedYield                   
000085ad  uxTaskGetTaskNumber                
000085cd  vTaskSetTaskNumber                 
00008689  vTaskGetInfo                       
00008819  uxTaskGetStackHighWaterMark        
00008891  xTaskGetCurrentTaskHandle          
000088c5  xTaskPriorityInherit               
000089a5  xTaskPriorityDisinherit            
00008a43  vTaskPriorityDisinheritAfterTimeout
00008b19  uxTaskResetEventItemValue          
00008b3b  pvTaskIncrementMutexHeldCount      
00008b59  ulTaskNotifyTake                   
00008bd9  xTaskNotifyWait                    
00008c7b  xTaskGenericNotify                 
00008d65  xTaskGenericNotifyFromISR          
00008e71  vTaskNotifyGiveFromISR             
00008f1d  xTaskNotifyStateClear              
00009019  xQueueGenericReset                 
000090b9  xQueueGenericCreate                
00009177  xQueueCreateMutex                  
000091a3  xQueueGiveMutexRecursive           
000091df  xQueueTakeMutexRecursive           
00009223  xQueueGenericSend                  
00009351  xQueueGenericSendFromISR           
000093ed  xQueueGiveFromISR                  
00009481  xQueueReceive                      
000095a1  xQueueSemaphoreTake                
000096fd  xQueuePeek                         
00009821  xQueueReceiveFromISR               
000098bb  xQueuePeekFromISR                  
0000990d  uxQueueMessagesWaiting             
00009923  uxQueueSpacesAvailable             
00009943  uxQueueMessagesWaitingFromISR      
00009959  vQueueDelete                       
0000996f  uxQueueGetQueueNumber              
0000997d  vQueueSetQueueNumber               
0000998f  ucQueueGetQueueType                
00009b8b  xQueueIsQueueEmptyFromISR          
00009bd1  xQueueIsQueueFullFromISR           
00009bf7  vQueueAddToRegistry                
00009c39  pcQueueGetName                     
00009c79  vQueueUnregisterQueue              
00009cc5  SysCtlClockFreqSet                 
00009ec5  vApplicationStackOverflowHook      
00009ecf  TokenRingInit                      
00009ee5  sendToken                          
00009f23  receiveToken                       
00009f59  taskLed                            
00009f97  main                               
0000a08d  pxPortInitialiseStack              
0000a0f7  xPortStartScheduler                
0000a12d  vPortEndScheduler                  
0000a12f  vPortEnterCritical                 
0000a14f  vPortExitCritical                  
0000a165  xPortSysTickHandler                
0000a18b  vPortSetupTimerInterrupt           
0000a1c9  CANMessageSet                      
0000a2ff  GPIOPadConfigSet                   
0000a431  vListInitialise                    
0000a461  vListInitialiseItem                
0000a471  vListInsertEnd                     
0000a4ad  vListInsert                        
0000a513  uxListRemove                       
0000a55d  SysCtlClockGet                     
0000a66d  CANMessageGet                      
0000a77d  CAN0_init                          
0000a7bb  CANsend                            
0000a7eb  CANrec                             
0000a889  ulPortGetIPSR                      
0000a8a1  xPortPendSVHandler                 
0000a901  vPortSVCHandler                    
0000a921  vPortStartFirstTask                
0000a945  vPortEnableVFP                     
0000a955  pvPortMalloc                       
0000a9c5  vPortFree                          
0000a9cf  vPortInitialiseBlocks              
0000a9d7  xPortGetFreeHeapSize               
0000a9f1  __aeabi_memcpy                     
0000a9f1  __aeabi_memcpy4                    
0000a9f1  __aeabi_memcpy8                    
0000a9f1  memcpy                             
0000aa8d  __aeabi_memclr                     
0000aa8d  __aeabi_memclr4                    
0000aa8d  __aeabi_memclr8                    
0000aa8f  __aeabi_memset                     
0000aa8f  __aeabi_memset4                    
0000aa8f  __aeabi_memset8                    
0000aa95  memset                             
0000ab09  CANBitRateSet                      
0000ab75  __TI_decompress_lzss               
0000abdd  ledInit                            
0000ac03  ledOn                              
0000ac11  ledOff                             
0000ac29  GPIOPinConfigure                   
0000acb9  __TI_auto_init_nobinit_nopinit     
0000acfd  CANStatusGet                       
0000ad3d  CANInit                            
0000ad79  SysCtlPeripheralReady              
0000adb1  _c_int00_noargs                    
0000ade9  SysCtlPeripheralEnable             
0000ae1d  GPIODirModeSet                     
0000aeb5  GPIOPinTypeGPIOOutput              
0000aecd  GPIOPinTypeCAN                     
0000aedf  __TI_decompress_none               
0000aeed  __TI_zero_init                     
0000aef9  CANEnable                          
0000af03  GPIOPinWrite                       
0000af09  _system_pre_init                   
0000af0d  C$$EXIT                            
0000af0d  abort                              
0000b214  ulMaxSyscallInterruptPriority      
0000b218  pxCurrentTCB                       
0000b24c  ledInitHandle                      
0000b250  ledToggleHandle                    
0000b254  sendTokenHandle                    
0000b258  taskLedHandle                      
0000b25c  receiveTokenHandle                 
0000b260  InitHandle                         
0000b264  TokenRingHandle                    
0000b268  Semphore_Rx                        
0000b278  __stack                            
0000b478  __STACK_END                        
0000b478  __TI_Handler_Table_Base            
0000b478  __TI_static_base__                 
0000b484  __TI_Handler_Table_Limit           
0000b498  __TI_CINIT_Base                    
0000b4a8  __TI_CINIT_Limit                   
ffffffff  __TI_pprof_out_hndl                
ffffffff  __TI_prof_data_size                
ffffffff  __TI_prof_data_start               
ffffffff  __binit__                          
ffffffff  __c_args__                         
ffffffff  binit                              
UNDEFED   __mpu_init                         
UNDEFED   _system_post_cinit                 

[168 symbols]
