<?xml version="1.0" encoding="ISO-8859-1" ?>
<link_info>
   <banner>TI ARM Linker PC v18.1.1.LTS</banner>
   <copyright>Copyright (c) 1996-2017 Texas Instruments Incorporated</copyright>
   <link_time>0x5d1e3348</link_time>
   <link_errors>0x0</link_errors>
   <output_file>testRTOS.out</output_file>
   <entry_point>
      <name>_c_int00_noargs</name>
      <address>0xadb1</address>
   </entry_point>
   <input_file_list>
      <input_file id="fl-2">
         <path>.\</path>
         <kind>object</kind>
         <file>croutine.obj</file>
         <name>croutine.obj</name>
      </input_file>
      <input_file id="fl-3">
         <path>.\</path>
         <kind>object</kind>
         <file>event_groups.obj</file>
         <name>event_groups.obj</name>
      </input_file>
      <input_file id="fl-4">
         <path>.\</path>
         <kind>object</kind>
         <file>heap_1.obj</file>
         <name>heap_1.obj</name>
      </input_file>
      <input_file id="fl-5">
         <path>.\</path>
         <kind>object</kind>
         <file>list.obj</file>
         <name>list.obj</name>
      </input_file>
      <input_file id="fl-6">
         <path>.\</path>
         <kind>object</kind>
         <file>main.obj</file>
         <name>main.obj</name>
      </input_file>
      <input_file id="fl-7">
         <path>.\</path>
         <kind>object</kind>
         <file>port.obj</file>
         <name>port.obj</name>
      </input_file>
      <input_file id="fl-8">
         <path>.\</path>
         <kind>object</kind>
         <file>portasm.obj</file>
         <name>portasm.obj</name>
      </input_file>
      <input_file id="fl-9">
         <path>.\</path>
         <kind>object</kind>
         <file>queue.obj</file>
         <name>queue.obj</name>
      </input_file>
      <input_file id="fl-a">
         <path>.\</path>
         <kind>object</kind>
         <file>stream_buffer.obj</file>
         <name>stream_buffer.obj</name>
      </input_file>
      <input_file id="fl-b">
         <path>.\</path>
         <kind>object</kind>
         <file>tasks.obj</file>
         <name>tasks.obj</name>
      </input_file>
      <input_file id="fl-c">
         <path>.\</path>
         <kind>object</kind>
         <file>timers.obj</file>
         <name>timers.obj</name>
      </input_file>
      <input_file id="fl-d">
         <path>.\</path>
         <kind>object</kind>
         <file>tm4c123gh6pm_startup_ccs.obj</file>
         <name>tm4c123gh6pm_startup_ccs.obj</name>
      </input_file>
      <input_file id="fl-e">
         <path>.\ECUAL\LEDPF3\</path>
         <kind>object</kind>
         <file>led.obj</file>
         <name>led.obj</name>
      </input_file>
      <input_file id="fl-f">
         <path>.\MCAL\CAN\</path>
         <kind>object</kind>
         <file>can.obj</file>
         <name>can.obj</name>
      </input_file>
      <input_file id="fl-13">
         <kind>object</kind>
         <file>&lt;internal&gt;</file>
         <name>&lt;internal&gt;</name>
      </input_file>
      <input_file id="fl-c9">
         <path>C:\ti1\ccsv8\tools\compiler\ti-cgt-arm_18.1.1.LTS\lib\</path>
         <kind>archive</kind>
         <file>rtsv7M4_T_le_v4SPD16_eabi.lib</file>
         <name>memcpy_t2.asm.obj</name>
      </input_file>
      <input_file id="fl-ca">
         <path>C:\ti1\ccsv8\tools\compiler\ti-cgt-arm_18.1.1.LTS\lib\</path>
         <kind>archive</kind>
         <file>rtsv7M4_T_le_v4SPD16_eabi.lib</file>
         <name>memset_t2.asm.obj</name>
      </input_file>
      <input_file id="fl-cb">
         <path>C:\ti1\ccsv8\tools\compiler\ti-cgt-arm_18.1.1.LTS\lib\</path>
         <kind>archive</kind>
         <file>rtsv7M4_T_le_v4SPD16_eabi.lib</file>
         <name>copy_zero_init.c.obj</name>
      </input_file>
      <input_file id="fl-cc">
         <path>C:\ti1\ccsv8\tools\compiler\ti-cgt-arm_18.1.1.LTS\lib\</path>
         <kind>archive</kind>
         <file>rtsv7M4_T_le_v4SPD16_eabi.lib</file>
         <name>copy_decompress_none.c.obj</name>
      </input_file>
      <input_file id="fl-cd">
         <path>C:\ti1\ccsv8\tools\compiler\ti-cgt-arm_18.1.1.LTS\lib\</path>
         <kind>archive</kind>
         <file>rtsv7M4_T_le_v4SPD16_eabi.lib</file>
         <name>copy_decompress_lzss.c.obj</name>
      </input_file>
      <input_file id="fl-ce">
         <path>C:\ti1\ccsv8\tools\compiler\ti-cgt-arm_18.1.1.LTS\lib\</path>
         <kind>archive</kind>
         <file>rtsv7M4_T_le_v4SPD16_eabi.lib</file>
         <name>boot_cortex_m.c.obj</name>
      </input_file>
      <input_file id="fl-cf">
         <path>C:\ti1\ccsv8\tools\compiler\ti-cgt-arm_18.1.1.LTS\lib\</path>
         <kind>archive</kind>
         <file>rtsv7M4_T_le_v4SPD16_eabi.lib</file>
         <name>exit.c.obj</name>
      </input_file>
      <input_file id="fl-d0">
         <path>C:\ti1\ccsv8\tools\compiler\ti-cgt-arm_18.1.1.LTS\lib\</path>
         <kind>archive</kind>
         <file>rtsv7M4_T_le_v4SPD16_eabi.lib</file>
         <name>_lock.c.obj</name>
      </input_file>
      <input_file id="fl-d1">
         <path>C:\ti1\ccsv8\tools\compiler\ti-cgt-arm_18.1.1.LTS\lib\</path>
         <kind>archive</kind>
         <file>rtsv7M4_T_le_v4SPD16_eabi.lib</file>
         <name>args_main.c.obj</name>
      </input_file>
      <input_file id="fl-d2">
         <path>C:\ti1\ccsv8\tools\compiler\ti-cgt-arm_18.1.1.LTS\lib\</path>
         <kind>archive</kind>
         <file>rtsv7M4_T_le_v4SPD16_eabi.lib</file>
         <name>autoinit.c.obj</name>
      </input_file>
      <input_file id="fl-d3">
         <path>C:\ti1\ccsv8\tools\compiler\ti-cgt-arm_18.1.1.LTS\lib\</path>
         <kind>archive</kind>
         <file>rtsv7M4_T_le_v4SPD16_eabi.lib</file>
         <name>pre_init.c.obj</name>
      </input_file>
      <input_file id="fl-d4">
         <path>C:\ti1\ccsv8\tools\compiler\ti-cgt-arm_18.1.1.LTS\lib\</path>
         <kind>archive</kind>
         <file>rtsv7M4_T_le_v4SPD16_eabi.lib</file>
         <name>cpy_tbl.c.obj</name>
      </input_file>
      <input_file id="fl-d5">
         <path>C:\ti\TivaWare_C_Series-2.1.4.178\driverlib\ccs\Debug\</path>
         <kind>archive</kind>
         <file>driverlib.lib</file>
         <name>can.obj</name>
      </input_file>
      <input_file id="fl-d6">
         <path>C:\ti\TivaWare_C_Series-2.1.4.178\driverlib\ccs\Debug\</path>
         <kind>archive</kind>
         <file>driverlib.lib</file>
         <name>gpio.obj</name>
      </input_file>
      <input_file id="fl-d7">
         <path>C:\ti\TivaWare_C_Series-2.1.4.178\driverlib\ccs\Debug\</path>
         <kind>archive</kind>
         <file>driverlib.lib</file>
         <name>interrupt.obj</name>
      </input_file>
      <input_file id="fl-d8">
         <path>C:\ti\TivaWare_C_Series-2.1.4.178\driverlib\ccs\Debug\</path>
         <kind>archive</kind>
         <file>driverlib.lib</file>
         <name>sysctl.obj</name>
      </input_file>
      <input_file id="fl-d9">
         <path>C:\ti\TivaWare_C_Series-2.1.4.178\driverlib\ccs\Debug\</path>
         <kind>archive</kind>
         <file>driverlib.lib</file>
         <name>cpu.obj</name>
      </input_file>
   </input_file_list>
   <object_component_list>
      <object_component id="oc-a0">
         <name>.text</name>
         <load_address>0x7754</load_address>
         <run_address>0x7754</run_address>
         <size>0x18c4</size>
         <input_file_ref idref="fl-b"/>
      </object_component>
      <object_component id="oc-a6">
         <name>.text</name>
         <load_address>0x9018</load_address>
         <run_address>0x9018</run_address>
         <size>0xcac</size>
         <input_file_ref idref="fl-9"/>
      </object_component>
      <object_component id="oc-ac">
         <name>.text:SysCtlClockFreqSet</name>
         <load_address>0x9cc4</load_address>
         <run_address>0x9cc4</run_address>
         <size>0x200</size>
         <input_file_ref idref="fl-d8"/>
      </object_component>
      <object_component id="oc-72">
         <name>.text</name>
         <load_address>0x9ec4</load_address>
         <run_address>0x9ec4</run_address>
         <size>0x1c8</size>
         <input_file_ref idref="fl-6"/>
      </object_component>
      <object_component id="oc-15f">
         <name>.text</name>
         <load_address>0xa08c</load_address>
         <run_address>0xa08c</run_address>
         <size>0x13c</size>
         <input_file_ref idref="fl-7"/>
      </object_component>
      <object_component id="oc-13a">
         <name>.text:CANMessageSet</name>
         <load_address>0xa1c8</load_address>
         <run_address>0xa1c8</run_address>
         <size>0x136</size>
         <input_file_ref idref="fl-d5"/>
      </object_component>
      <object_component id="oc-207">
         <name>.text:GPIOPadConfigSet</name>
         <load_address>0xa2fe</load_address>
         <run_address>0xa2fe</run_address>
         <size>0x132</size>
         <input_file_ref idref="fl-d6"/>
      </object_component>
      <object_component id="oc-159">
         <name>.text</name>
         <load_address>0xa430</load_address>
         <run_address>0xa430</run_address>
         <size>0x12a</size>
         <input_file_ref idref="fl-5"/>
      </object_component>
      <object_component id="oc-128">
         <name>.text:SysCtlClockGet</name>
         <load_address>0xa55c</load_address>
         <run_address>0xa55c</run_address>
         <size>0x110</size>
         <input_file_ref idref="fl-d8"/>
      </object_component>
      <object_component id="oc-146">
         <name>.text:CANMessageGet</name>
         <load_address>0xa66c</load_address>
         <run_address>0xa66c</run_address>
         <size>0x10e</size>
         <input_file_ref idref="fl-d5"/>
      </object_component>
      <object_component id="oc-9a">
         <name>.text</name>
         <load_address>0xa77c</load_address>
         <run_address>0xa77c</run_address>
         <size>0xfc</size>
         <input_file_ref idref="fl-f"/>
      </object_component>
      <object_component id="oc-243">
         <name>.text</name>
         <load_address>0xa878</load_address>
         <run_address>0xa878</run_address>
         <size>0xda</size>
         <input_file_ref idref="fl-8"/>
      </object_component>
      <object_component id="oc-153">
         <name>.text</name>
         <load_address>0xa954</load_address>
         <run_address>0xa954</run_address>
         <size>0x9c</size>
         <input_file_ref idref="fl-4"/>
      </object_component>
      <object_component id="oc-1f">
         <name>.text</name>
         <load_address>0xa9f0</load_address>
         <run_address>0xa9f0</run_address>
         <size>0x9c</size>
         <input_file_ref idref="fl-c9"/>
      </object_component>
      <object_component id="oc-66">
         <name>.text</name>
         <load_address>0xaa8c</load_address>
         <run_address>0xaa8c</run_address>
         <size>0x7a</size>
         <input_file_ref idref="fl-ca"/>
      </object_component>
      <object_component id="oc-12e">
         <name>.text:CANBitRateSet</name>
         <load_address>0xab08</load_address>
         <run_address>0xab08</run_address>
         <size>0x6c</size>
         <input_file_ref idref="fl-d5"/>
      </object_component>
      <object_component id="oc-3">
         <name>.text:decompress:lzss:__TI_decompress_lzss</name>
         <load_address>0xab74</load_address>
         <run_address>0xab74</run_address>
         <size>0x68</size>
         <input_file_ref idref="fl-cd"/>
      </object_component>
      <object_component id="oc-94">
         <name>.text</name>
         <load_address>0xabdc</load_address>
         <run_address>0xabdc</run_address>
         <size>0x4c</size>
         <input_file_ref idref="fl-e"/>
      </object_component>
      <object_component id="oc-116">
         <name>.text:GPIOPinConfigure</name>
         <load_address>0xac28</load_address>
         <run_address>0xac28</run_address>
         <size>0x48</size>
         <input_file_ref idref="fl-d6"/>
      </object_component>
      <object_component id="oc-1a8">
         <name>.text:_SysCtlFrequencyGet</name>
         <load_address>0xac70</load_address>
         <run_address>0xac70</run_address>
         <size>0x48</size>
         <input_file_ref idref="fl-d8"/>
      </object_component>
      <object_component id="oc-cb">
         <name>.text:__TI_auto_init_nobinit_nopinit:__TI_auto_init_nobinit_nopinit</name>
         <load_address>0xacb8</load_address>
         <run_address>0xacb8</run_address>
         <size>0x44</size>
         <input_file_ref idref="fl-d2"/>
      </object_component>
      <object_component id="oc-140">
         <name>.text:CANStatusGet</name>
         <load_address>0xacfc</load_address>
         <run_address>0xacfc</run_address>
         <size>0x40</size>
         <input_file_ref idref="fl-d5"/>
      </object_component>
      <object_component id="oc-122">
         <name>.text:CANInit</name>
         <load_address>0xad3c</load_address>
         <run_address>0xad3c</run_address>
         <size>0x3a</size>
         <input_file_ref idref="fl-d5"/>
      </object_component>
      <object_component id="oc-103">
         <name>.text:SysCtlPeripheralReady</name>
         <load_address>0xad78</load_address>
         <run_address>0xad78</run_address>
         <size>0x38</size>
         <input_file_ref idref="fl-d8"/>
      </object_component>
      <object_component id="oc-3d">
         <name>.text:_c_int00_noargs:_c_int00_noargs</name>
         <load_address>0xadb0</load_address>
         <run_address>0xadb0</run_address>
         <size>0x38</size>
         <input_file_ref idref="fl-ce"/>
      </object_component>
      <object_component id="oc-fd">
         <name>.text:SysCtlPeripheralEnable</name>
         <load_address>0xade8</load_address>
         <run_address>0xade8</run_address>
         <size>0x34</size>
         <input_file_ref idref="fl-d8"/>
      </object_component>
      <object_component id="oc-20d">
         <name>.text:GPIODirModeSet</name>
         <load_address>0xae1c</load_address>
         <run_address>0xae1c</run_address>
         <size>0x2a</size>
         <input_file_ref idref="fl-d6"/>
      </object_component>
      <object_component id="oc-230">
         <name>.text:_CANDataRegRead</name>
         <load_address>0xae46</load_address>
         <run_address>0xae46</run_address>
         <size>0x2a</size>
         <input_file_ref idref="fl-d5"/>
      </object_component>
      <object_component id="oc-223">
         <name>.text:_CANDataRegWrite</name>
         <load_address>0xae70</load_address>
         <run_address>0xae70</run_address>
         <size>0x24</size>
         <input_file_ref idref="fl-d5"/>
      </object_component>
      <object_component id="oc-1a2">
         <name>.text:_SysCtlMemTimingGet</name>
         <load_address>0xae94</load_address>
         <run_address>0xae94</run_address>
         <size>0x20</size>
         <input_file_ref idref="fl-d8"/>
      </object_component>
      <object_component id="oc-109">
         <name>.text:GPIOPinTypeGPIOOutput</name>
         <load_address>0xaeb4</load_address>
         <run_address>0xaeb4</run_address>
         <size>0x18</size>
         <input_file_ref idref="fl-d6"/>
      </object_component>
      <object_component id="oc-11c">
         <name>.text:GPIOPinTypeCAN</name>
         <load_address>0xaecc</load_address>
         <run_address>0xaecc</run_address>
         <size>0x12</size>
         <input_file_ref idref="fl-d6"/>
      </object_component>
      <object_component id="oc-9">
         <name>.text:decompress:none:__TI_decompress_none</name>
         <load_address>0xaede</load_address>
         <run_address>0xaede</run_address>
         <size>0xe</size>
         <input_file_ref idref="fl-cc"/>
      </object_component>
      <object_component id="oc-31">
         <name>.text:decompress:ZI:__TI_zero_init</name>
         <load_address>0xaeec</load_address>
         <run_address>0xaeec</run_address>
         <size>0xc</size>
         <input_file_ref idref="fl-cb"/>
      </object_component>
      <object_component id="oc-134">
         <name>.text:CANEnable</name>
         <load_address>0xaef8</load_address>
         <run_address>0xaef8</run_address>
         <size>0xa</size>
         <input_file_ref idref="fl-d5"/>
      </object_component>
      <object_component id="oc-10f">
         <name>.text:GPIOPinWrite</name>
         <load_address>0xaf02</load_address>
         <run_address>0xaf02</run_address>
         <size>0x6</size>
         <input_file_ref idref="fl-d6"/>
      </object_component>
      <object_component id="oc-6c">
         <name>.text:_system_pre_init</name>
         <load_address>0xaf08</load_address>
         <run_address>0xaf08</run_address>
         <size>0x4</size>
         <input_file_ref idref="fl-d3"/>
      </object_component>
      <object_component id="oc-bf">
         <name>.text:abort:abort</name>
         <load_address>0xaf0c</load_address>
         <run_address>0xaf0c</run_address>
         <size>0x4</size>
         <input_file_ref idref="fl-cf"/>
      </object_component>
      <object_component id="oc-1b1">
         <name>.const:g_pppui32XTALtoVCO</name>
         <load_address>0xaf10</load_address>
         <run_address>0xaf10</run_address>
         <size>0x1b0</size>
         <input_file_ref idref="fl-d8"/>
      </object_component>
      <object_component id="oc-216">
         <name>.const:g_pui32GPIOBaseAddrs</name>
         <load_address>0xb0c0</load_address>
         <run_address>0xb0c0</run_address>
         <size>0x90</size>
         <input_file_ref idref="fl-d6"/>
      </object_component>
      <object_component id="oc-1ae">
         <name>.const:g_pui32Xtals</name>
         <load_address>0xb150</load_address>
         <run_address>0xb150</run_address>
         <size>0x6c</size>
         <input_file_ref idref="fl-d8"/>
      </object_component>
      <object_component id="oc-273">
         <name>.const:g_sXTALtoMEMTIM</name>
         <load_address>0xb1bc</load_address>
         <run_address>0xb1bc</run_address>
         <size>0x30</size>
         <input_file_ref idref="fl-d8"/>
      </object_component>
      <object_component id="oc-21e">
         <name>.const</name>
         <load_address>0xb1ec</load_address>
         <run_address>0xb1ec</run_address>
         <size>0x20</size>
         <input_file_ref idref="fl-d5"/>
      </object_component>
      <object_component id="oc-1b4">
         <name>.const</name>
         <load_address>0xb20c</load_address>
         <run_address>0xb20c</run_address>
         <size>0x8</size>
         <input_file_ref idref="fl-d8"/>
      </object_component>
      <object_component id="oc-2ba">
         <name>.const</name>
         <load_address>0xb214</load_address>
         <run_address>0xb214</run_address>
         <size>0x4</size>
         <input_file_ref idref="fl-7"/>
      </object_component>
      <object_component id="oc-239">
         <name>.data</name>
         <load_address>0xb26c</load_address>
         <run_address>0xb26c</run_address>
         <size>0x8</size>
         <input_file_ref idref="fl-4"/>
      </object_component>
      <object_component id="oc-b2">
         <name>.data</name>
         <load_address>0xb24c</load_address>
         <run_address>0xb24c</run_address>
         <size>0x20</size>
         <input_file_ref idref="fl-6"/>
      </object_component>
      <object_component id="oc-248">
         <name>.data</name>
         <load_address>0xb274</load_address>
         <run_address>0xb274</run_address>
         <size>0x4</size>
         <input_file_ref idref="fl-7"/>
      </object_component>
      <object_component id="oc-165">
         <name>.data</name>
         <load_address>0xb218</load_address>
         <run_address>0xb218</run_address>
         <size>0x34</size>
         <input_file_ref idref="fl-b"/>
      </object_component>
      <object_component id="oc-23c">
         <name>.bss:ucHeap</name>
         <uninitialized>true</uninitialized>
         <run_address>0x20</run_address>
         <size>0x7530</size>
         <input_file_ref idref="fl-4"/>
      </object_component>
      <object_component id="oc-168">
         <name>.bss:pxReadyTasksLists</name>
         <uninitialized>true</uninitialized>
         <run_address>0x7550</run_address>
         <size>0x140</size>
         <input_file_ref idref="fl-b"/>
      </object_component>
      <object_component id="oc-16e">
         <name>.bss</name>
         <uninitialized>true</uninitialized>
         <run_address>0x7744</run_address>
         <size>0x8</size>
         <input_file_ref idref="fl-b"/>
      </object_component>
      <object_component id="oc-174">
         <name>.bss:xPendingReadyList</name>
         <uninitialized>true</uninitialized>
         <run_address>0x7708</run_address>
         <size>0x14</size>
         <input_file_ref idref="fl-b"/>
      </object_component>
      <object_component id="oc-16b">
         <name>.bss:xTasksWaitingTermination</name>
         <uninitialized>true</uninitialized>
         <run_address>0x7730</run_address>
         <size>0x14</size>
         <input_file_ref idref="fl-b"/>
      </object_component>
      <object_component id="oc-171">
         <name>.bss:xSuspendedTaskList</name>
         <uninitialized>true</uninitialized>
         <run_address>0x771c</run_address>
         <size>0x14</size>
         <input_file_ref idref="fl-b"/>
      </object_component>
      <object_component id="oc-177">
         <name>.bss:xDelayedTaskList1$1</name>
         <uninitialized>true</uninitialized>
         <run_address>0x76e0</run_address>
         <size>0x14</size>
         <input_file_ref idref="fl-b"/>
      </object_component>
      <object_component id="oc-178">
         <name>.bss:xDelayedTaskList2$2</name>
         <uninitialized>true</uninitialized>
         <run_address>0x76f4</run_address>
         <size>0x14</size>
         <input_file_ref idref="fl-b"/>
      </object_component>
      <object_component id="oc-b8">
         <name>.common:Returned</name>
         <uninitialized>true</uninitialized>
         <run_address>0x774c</run_address>
         <size>0x4</size>
      </object_component>
      <object_component id="oc-b5">
         <name>.common:Semaphore_Tx</name>
         <uninitialized>true</uninitialized>
         <run_address>0x7750</run_address>
         <size>0x4</size>
      </object_component>
      <object_component id="oc-18f">
         <name>.common:xQueueRegistry</name>
         <uninitialized>true</uninitialized>
         <run_address>0x7690</run_address>
         <size>0x50</size>
      </object_component>
      <object_component id="oc-312">
         <name>__TI_handler_table</name>
         <load_address>0xb478</load_address>
         <run_address>0xb478</run_address>
         <size>0xc</size>
      </object_component>
      <object_component id="oc-314">
         <name>.cinit..data.load</name>
         <load_address>0xb484</load_address>
         <run_address>0xb484</run_address>
         <size>0xb</size>
      </object_component>
      <object_component id="oc-315">
         <name>.cinit..bss.load</name>
         <load_address>0xb490</load_address>
         <run_address>0xb490</run_address>
         <size>0x8</size>
      </object_component>
      <object_component id="oc-313">
         <name>__TI_cinit_table</name>
         <load_address>0xb498</load_address>
         <run_address>0xb498</run_address>
         <size>0x10</size>
      </object_component>
      <object_component id="oc-259">
         <name>.debug_info</name>
         <load_address>0x0</load_address>
         <run_address>0x0</run_address>
         <size>0x1cf</size>
         <input_file_ref idref="fl-2"/>
      </object_component>
      <object_component id="oc-19d">
         <name>.debug_info</name>
         <load_address>0x1cf</load_address>
         <run_address>0x1cf</run_address>
         <size>0x315</size>
         <input_file_ref idref="fl-2"/>
      </object_component>
      <object_component id="oc-1d1">
         <name>.debug_info</name>
         <load_address>0x4e4</load_address>
         <run_address>0x4e4</run_address>
         <size>0x26b</size>
         <input_file_ref idref="fl-2"/>
      </object_component>
      <object_component id="oc-1d6">
         <name>.debug_info</name>
         <load_address>0x74f</load_address>
         <run_address>0x74f</run_address>
         <size>0x461</size>
         <input_file_ref idref="fl-2"/>
      </object_component>
      <object_component id="oc-1a">
         <name>.debug_info</name>
         <load_address>0xbb0</load_address>
         <run_address>0xbb0</run_address>
         <size>0x84</size>
         <input_file_ref idref="fl-2"/>
      </object_component>
      <object_component id="oc-2c4">
         <name>.debug_info</name>
         <load_address>0xc34</load_address>
         <run_address>0xc34</run_address>
         <size>0xcc</size>
         <input_file_ref idref="fl-2"/>
      </object_component>
      <object_component id="oc-17f">
         <name>.debug_info</name>
         <load_address>0xd00</load_address>
         <run_address>0xd00</run_address>
         <size>0x2c</size>
         <input_file_ref idref="fl-2"/>
      </object_component>
      <object_component id="oc-1db">
         <name>.debug_info</name>
         <load_address>0xd2c</load_address>
         <run_address>0xd2c</run_address>
         <size>0x297</size>
         <input_file_ref idref="fl-2"/>
      </object_component>
      <object_component id="oc-ba">
         <name>.debug_info</name>
         <load_address>0xfc3</load_address>
         <run_address>0xfc3</run_address>
         <size>0xbb</size>
         <input_file_ref idref="fl-2"/>
      </object_component>
      <object_component id="oc-1cc">
         <name>.debug_info</name>
         <load_address>0x107e</load_address>
         <run_address>0x107e</run_address>
         <size>0x53</size>
         <input_file_ref idref="fl-2"/>
      </object_component>
      <object_component id="oc-17a">
         <name>.debug_info</name>
         <load_address>0x10d1</load_address>
         <run_address>0x10d1</run_address>
         <size>0x53</size>
         <input_file_ref idref="fl-2"/>
      </object_component>
      <object_component id="oc-18a">
         <name>.debug_info</name>
         <load_address>0x1124</load_address>
         <run_address>0x1124</run_address>
         <size>0x14c</size>
         <input_file_ref idref="fl-2"/>
      </object_component>
      <object_component id="oc-272">
         <name>.debug_info</name>
         <load_address>0x1270</load_address>
         <run_address>0x1270</run_address>
         <size>0x61f</size>
         <input_file_ref idref="fl-3"/>
      </object_component>
      <object_component id="oc-198">
         <name>.debug_info</name>
         <load_address>0x188f</load_address>
         <run_address>0x188f</run_address>
         <size>0x110</size>
         <input_file_ref idref="fl-3"/>
      </object_component>
      <object_component id="oc-266">
         <name>.debug_info</name>
         <load_address>0x199f</load_address>
         <run_address>0x199f</run_address>
         <size>0x461</size>
         <input_file_ref idref="fl-3"/>
      </object_component>
      <object_component id="oc-2cb">
         <name>.debug_info</name>
         <load_address>0x1e00</load_address>
         <run_address>0x1e00</run_address>
         <size>0x76</size>
         <input_file_ref idref="fl-3"/>
      </object_component>
      <object_component id="oc-2d0">
         <name>.debug_info</name>
         <load_address>0x1e76</load_address>
         <run_address>0x1e76</run_address>
         <size>0x39</size>
         <input_file_ref idref="fl-3"/>
      </object_component>
      <object_component id="oc-261">
         <name>.debug_info</name>
         <load_address>0x1eaf</load_address>
         <run_address>0x1eaf</run_address>
         <size>0x4f</size>
         <input_file_ref idref="fl-3"/>
      </object_component>
      <object_component id="oc-240">
         <name>.debug_info</name>
         <load_address>0x1efe</load_address>
         <run_address>0x1efe</run_address>
         <size>0x3de</size>
         <input_file_ref idref="fl-4"/>
      </object_component>
      <object_component id="oc-23d">
         <name>.debug_info</name>
         <load_address>0x22dc</load_address>
         <run_address>0x22dc</run_address>
         <size>0xc5</size>
         <input_file_ref idref="fl-4"/>
      </object_component>
      <object_component id="oc-23a">
         <name>.debug_info</name>
         <load_address>0x23a1</load_address>
         <run_address>0x23a1</run_address>
         <size>0xd3</size>
         <input_file_ref idref="fl-4"/>
      </object_component>
      <object_component id="oc-154">
         <name>.debug_info</name>
         <load_address>0x2474</load_address>
         <run_address>0x2474</run_address>
         <size>0x2db</size>
         <input_file_ref idref="fl-4"/>
      </object_component>
      <object_component id="oc-242">
         <name>.debug_info</name>
         <load_address>0x274f</load_address>
         <run_address>0x274f</run_address>
         <size>0x351</size>
         <input_file_ref idref="fl-5"/>
      </object_component>
      <object_component id="oc-15a">
         <name>.debug_info</name>
         <load_address>0x2aa0</load_address>
         <run_address>0x2aa0</run_address>
         <size>0x43d</size>
         <input_file_ref idref="fl-5"/>
      </object_component>
      <object_component id="oc-b6">
         <name>.debug_info</name>
         <load_address>0x2edd</load_address>
         <run_address>0x2edd</run_address>
         <size>0x65c</size>
         <input_file_ref idref="fl-6"/>
      </object_component>
      <object_component id="oc-b3">
         <name>.debug_info</name>
         <load_address>0x3539</load_address>
         <run_address>0x3539</run_address>
         <size>0x20b</size>
         <input_file_ref idref="fl-6"/>
      </object_component>
      <object_component id="oc-73">
         <name>.debug_info</name>
         <load_address>0x3744</load_address>
         <run_address>0x3744</run_address>
         <size>0x601</size>
         <input_file_ref idref="fl-6"/>
      </object_component>
      <object_component id="oc-1c7">
         <name>.debug_info</name>
         <load_address>0x3d45</load_address>
         <run_address>0x3d45</run_address>
         <size>0x4f</size>
         <input_file_ref idref="fl-6"/>
      </object_component>
      <object_component id="oc-1c0">
         <name>.debug_info</name>
         <load_address>0x3d94</load_address>
         <run_address>0x3d94</run_address>
         <size>0x2c</size>
         <input_file_ref idref="fl-6"/>
      </object_component>
      <object_component id="oc-24c">
         <name>.debug_info</name>
         <load_address>0x3dc0</load_address>
         <run_address>0x3dc0</run_address>
         <size>0x3d6</size>
         <input_file_ref idref="fl-7"/>
      </object_component>
      <object_component id="oc-2bb">
         <name>.debug_info</name>
         <load_address>0x4196</load_address>
         <run_address>0x4196</run_address>
         <size>0xf2</size>
         <input_file_ref idref="fl-7"/>
      </object_component>
      <object_component id="oc-249">
         <name>.debug_info</name>
         <load_address>0x4288</load_address>
         <run_address>0x4288</run_address>
         <size>0xd9</size>
         <input_file_ref idref="fl-7"/>
      </object_component>
      <object_component id="oc-160">
         <name>.debug_info</name>
         <load_address>0x4361</load_address>
         <run_address>0x4361</run_address>
         <size>0x499</size>
         <input_file_ref idref="fl-7"/>
      </object_component>
      <object_component id="oc-244">
         <name>.debug_info</name>
         <load_address>0x47fa</load_address>
         <run_address>0x47fa</run_address>
         <size>0x22a</size>
         <input_file_ref idref="fl-8"/>
      </object_component>
      <object_component id="oc-190">
         <name>.debug_info</name>
         <load_address>0x4a24</load_address>
         <run_address>0x4a24</run_address>
         <size>0x81f</size>
         <input_file_ref idref="fl-9"/>
      </object_component>
      <object_component id="oc-a8">
         <name>.debug_info</name>
         <load_address>0x5243</load_address>
         <run_address>0x5243</run_address>
         <size>0x30c6</size>
         <input_file_ref idref="fl-9"/>
      </object_component>
      <object_component id="oc-26d">
         <name>.debug_info</name>
         <load_address>0x8309</load_address>
         <run_address>0x8309</run_address>
         <size>0x23f</size>
         <input_file_ref idref="fl-9"/>
      </object_component>
      <object_component id="oc-193">
         <name>.debug_info</name>
         <load_address>0x8548</load_address>
         <run_address>0x8548</run_address>
         <size>0x46</size>
         <input_file_ref idref="fl-9"/>
      </object_component>
      <object_component id="oc-8b">
         <name>.debug_info</name>
         <load_address>0x858e</load_address>
         <run_address>0x858e</run_address>
         <size>0x2c</size>
         <input_file_ref idref="fl-a"/>
      </object_component>
      <object_component id="oc-184">
         <name>.debug_info</name>
         <load_address>0x85ba</load_address>
         <run_address>0x85ba</run_address>
         <size>0x780</size>
         <input_file_ref idref="fl-b"/>
      </object_component>
      <object_component id="oc-166">
         <name>.debug_info</name>
         <load_address>0x8d3a</load_address>
         <run_address>0x8d3a</run_address>
         <size>0x334</size>
         <input_file_ref idref="fl-b"/>
      </object_component>
      <object_component id="oc-169">
         <name>.debug_info</name>
         <load_address>0x906e</load_address>
         <run_address>0x906e</run_address>
         <size>0xdb</size>
         <input_file_ref idref="fl-b"/>
      </object_component>
      <object_component id="oc-16f">
         <name>.debug_info</name>
         <load_address>0x9149</load_address>
         <run_address>0x9149</run_address>
         <size>0x11e</size>
         <input_file_ref idref="fl-b"/>
      </object_component>
      <object_component id="oc-175">
         <name>.debug_info</name>
         <load_address>0x9267</load_address>
         <run_address>0x9267</run_address>
         <size>0xdb</size>
         <input_file_ref idref="fl-b"/>
      </object_component>
      <object_component id="oc-16c">
         <name>.debug_info</name>
         <load_address>0x9342</load_address>
         <run_address>0x9342</run_address>
         <size>0xe9</size>
         <input_file_ref idref="fl-b"/>
      </object_component>
      <object_component id="oc-172">
         <name>.debug_info</name>
         <load_address>0x942b</load_address>
         <run_address>0x942b</run_address>
         <size>0xdd</size>
         <input_file_ref idref="fl-b"/>
      </object_component>
      <object_component id="oc-a1">
         <name>.debug_info</name>
         <load_address>0x9508</load_address>
         <run_address>0x9508</run_address>
         <size>0x4546</size>
         <input_file_ref idref="fl-b"/>
      </object_component>
      <object_component id="oc-185">
         <name>.debug_info</name>
         <load_address>0xda4e</load_address>
         <run_address>0xda4e</run_address>
         <size>0x30c</size>
         <input_file_ref idref="fl-b"/>
      </object_component>
      <object_component id="oc-25c">
         <name>.debug_info</name>
         <load_address>0xdd5a</load_address>
         <run_address>0xdd5a</run_address>
         <size>0x146</size>
         <input_file_ref idref="fl-b"/>
      </object_component>
      <object_component id="oc-95">
         <name>.debug_info</name>
         <load_address>0xdea0</load_address>
         <run_address>0xdea0</run_address>
         <size>0x24e</size>
         <input_file_ref idref="fl-e"/>
      </object_component>
      <object_component id="oc-202">
         <name>.debug_info</name>
         <load_address>0xe0ee</load_address>
         <run_address>0xe0ee</run_address>
         <size>0x8b</size>
         <input_file_ref idref="fl-e"/>
      </object_component>
      <object_component id="oc-14d">
         <name>.debug_info</name>
         <load_address>0xe179</load_address>
         <run_address>0xe179</run_address>
         <size>0x46f</size>
         <input_file_ref idref="fl-f"/>
      </object_component>
      <object_component id="oc-9b">
         <name>.debug_info</name>
         <load_address>0xe5e8</load_address>
         <run_address>0xe5e8</run_address>
         <size>0x450</size>
         <input_file_ref idref="fl-f"/>
      </object_component>
      <object_component id="oc-14e">
         <name>.debug_info</name>
         <load_address>0xea38</load_address>
         <run_address>0xea38</run_address>
         <size>0x1b3</size>
         <input_file_ref idref="fl-f"/>
      </object_component>
      <object_component id="oc-20">
         <name>.debug_info</name>
         <load_address>0xebeb</load_address>
         <run_address>0xebeb</run_address>
         <size>0x111</size>
         <input_file_ref idref="fl-c9"/>
      </object_component>
      <object_component id="oc-67">
         <name>.debug_info</name>
         <load_address>0xecfc</load_address>
         <run_address>0xecfc</run_address>
         <size>0x13f</size>
         <input_file_ref idref="fl-ca"/>
      </object_component>
      <object_component id="oc-65">
         <name>.debug_info</name>
         <load_address>0xee3b</load_address>
         <run_address>0xee3b</run_address>
         <size>0x313</size>
         <input_file_ref idref="fl-cb"/>
      </object_component>
      <object_component id="oc-34">
         <name>.debug_info</name>
         <load_address>0xf14e</load_address>
         <run_address>0xf14e</run_address>
         <size>0x1aa</size>
         <input_file_ref idref="fl-cb"/>
      </object_component>
      <object_component id="oc-60">
         <name>.debug_info</name>
         <load_address>0xf2f8</load_address>
         <run_address>0xf2f8</run_address>
         <size>0x46</size>
         <input_file_ref idref="fl-cb"/>
      </object_component>
      <object_component id="oc-2a">
         <name>.debug_info</name>
         <load_address>0xf33e</load_address>
         <run_address>0xf33e</run_address>
         <size>0x29d</size>
         <input_file_ref idref="fl-cc"/>
      </object_component>
      <object_component id="oc-b">
         <name>.debug_info</name>
         <load_address>0xf5db</load_address>
         <run_address>0xf5db</run_address>
         <size>0x1df</size>
         <input_file_ref idref="fl-cc"/>
      </object_component>
      <object_component id="oc-25">
         <name>.debug_info</name>
         <load_address>0xf7ba</load_address>
         <run_address>0xf7ba</run_address>
         <size>0x46</size>
         <input_file_ref idref="fl-cc"/>
      </object_component>
      <object_component id="oc-58">
         <name>.debug_info</name>
         <load_address>0xf800</load_address>
         <run_address>0xf800</run_address>
         <size>0x2c</size>
         <input_file_ref idref="fl-cc"/>
      </object_component>
      <object_component id="oc-56">
         <name>.debug_info</name>
         <load_address>0xf82c</load_address>
         <run_address>0xf82c</run_address>
         <size>0x293</size>
         <input_file_ref idref="fl-cd"/>
      </object_component>
      <object_component id="oc-6">
         <name>.debug_info</name>
         <load_address>0xfabf</load_address>
         <run_address>0xfabf</run_address>
         <size>0x245</size>
         <input_file_ref idref="fl-cd"/>
      </object_component>
      <object_component id="oc-15">
         <name>.debug_info</name>
         <load_address>0xfd04</load_address>
         <run_address>0xfd04</run_address>
         <size>0x60</size>
         <input_file_ref idref="fl-cd"/>
      </object_component>
      <object_component id="oc-84">
         <name>.debug_info</name>
         <load_address>0xfd64</load_address>
         <run_address>0xfd64</run_address>
         <size>0x46</size>
         <input_file_ref idref="fl-cd"/>
      </object_component>
      <object_component id="oc-51">
         <name>.debug_info</name>
         <load_address>0xfdaa</load_address>
         <run_address>0xfdaa</run_address>
         <size>0x39</size>
         <input_file_ref idref="fl-cd"/>
      </object_component>
      <object_component id="oc-12">
         <name>.debug_info</name>
         <load_address>0xfde3</load_address>
         <run_address>0xfde3</run_address>
         <size>0x100</size>
         <input_file_ref idref="fl-ce"/>
      </object_component>
      <object_component id="oc-41">
         <name>.debug_info</name>
         <load_address>0xfee3</load_address>
         <run_address>0xfee3</run_address>
         <size>0x1a4</size>
         <input_file_ref idref="fl-ce"/>
      </object_component>
      <object_component id="oc-c2">
         <name>.debug_info</name>
         <load_address>0x10087</load_address>
         <run_address>0x10087</run_address>
         <size>0x117</size>
         <input_file_ref idref="fl-cf"/>
      </object_component>
      <object_component id="oc-1eb">
         <name>.debug_info</name>
         <load_address>0x1019e</load_address>
         <run_address>0x1019e</run_address>
         <size>0x547</size>
         <input_file_ref idref="fl-d2"/>
      </object_component>
      <object_component id="oc-ce">
         <name>.debug_info</name>
         <load_address>0x106e5</load_address>
         <run_address>0x106e5</run_address>
         <size>0x19b</size>
         <input_file_ref idref="fl-d2"/>
      </object_component>
      <object_component id="oc-295">
         <name>.debug_info</name>
         <load_address>0x10880</load_address>
         <run_address>0x10880</run_address>
         <size>0x39</size>
         <input_file_ref idref="fl-d2"/>
      </object_component>
      <object_component id="oc-2da">
         <name>.debug_info</name>
         <load_address>0x108b9</load_address>
         <run_address>0x108b9</run_address>
         <size>0x39</size>
         <input_file_ref idref="fl-d2"/>
      </object_component>
      <object_component id="oc-29a">
         <name>.debug_info</name>
         <load_address>0x108f2</load_address>
         <run_address>0x108f2</run_address>
         <size>0x39</size>
         <input_file_ref idref="fl-d2"/>
      </object_component>
      <object_component id="oc-29f">
         <name>.debug_info</name>
         <load_address>0x1092b</load_address>
         <run_address>0x1092b</run_address>
         <size>0xcd</size>
         <input_file_ref idref="fl-d2"/>
      </object_component>
      <object_component id="oc-6f">
         <name>.debug_info</name>
         <load_address>0x109f8</load_address>
         <run_address>0x109f8</run_address>
         <size>0x148</size>
         <input_file_ref idref="fl-d3"/>
      </object_component>
      <object_component id="oc-21c">
         <name>.debug_info</name>
         <load_address>0x10b40</load_address>
         <run_address>0x10b40</run_address>
         <size>0x227</size>
         <input_file_ref idref="fl-d5"/>
      </object_component>
      <object_component id="oc-21f">
         <name>.debug_info</name>
         <load_address>0x10d67</load_address>
         <run_address>0x10d67</run_address>
         <size>0x156</size>
         <input_file_ref idref="fl-d5"/>
      </object_component>
      <object_component id="oc-141">
         <name>.debug_info</name>
         <load_address>0x10ebd</load_address>
         <run_address>0x10ebd</run_address>
         <size>0x286</size>
         <input_file_ref idref="fl-d5"/>
      </object_component>
      <object_component id="oc-224">
         <name>.debug_info</name>
         <load_address>0x11143</load_address>
         <run_address>0x11143</run_address>
         <size>0x2dd</size>
         <input_file_ref idref="fl-d5"/>
      </object_component>
      <object_component id="oc-13b">
         <name>.debug_info</name>
         <load_address>0x11420</load_address>
         <run_address>0x11420</run_address>
         <size>0x413</size>
         <input_file_ref idref="fl-d5"/>
      </object_component>
      <object_component id="oc-231">
         <name>.debug_info</name>
         <load_address>0x11833</load_address>
         <run_address>0x11833</run_address>
         <size>0x2de</size>
         <input_file_ref idref="fl-d5"/>
      </object_component>
      <object_component id="oc-147">
         <name>.debug_info</name>
         <load_address>0x11b11</load_address>
         <run_address>0x11b11</run_address>
         <size>0x3e8</size>
         <input_file_ref idref="fl-d5"/>
      </object_component>
      <object_component id="oc-123">
         <name>.debug_info</name>
         <load_address>0x11ef9</load_address>
         <run_address>0x11ef9</run_address>
         <size>0x26c</size>
         <input_file_ref idref="fl-d5"/>
      </object_component>
      <object_component id="oc-135">
         <name>.debug_info</name>
         <load_address>0x12165</load_address>
         <run_address>0x12165</run_address>
         <size>0x242</size>
         <input_file_ref idref="fl-d5"/>
      </object_component>
      <object_component id="oc-12f">
         <name>.debug_info</name>
         <load_address>0x123a7</load_address>
         <run_address>0x123a7</run_address>
         <size>0x360</size>
         <input_file_ref idref="fl-d5"/>
      </object_component>
      <object_component id="oc-22a">
         <name>.debug_info</name>
         <load_address>0x12707</load_address>
         <run_address>0x12707</run_address>
         <size>0x1b3</size>
         <input_file_ref idref="fl-d5"/>
      </object_component>
      <object_component id="oc-1b8">
         <name>.debug_info</name>
         <load_address>0x128ba</load_address>
         <run_address>0x128ba</run_address>
         <size>0x18b</size>
         <input_file_ref idref="fl-d5"/>
      </object_component>
      <object_component id="oc-214">
         <name>.debug_info</name>
         <load_address>0x12a45</load_address>
         <run_address>0x12a45</run_address>
         <size>0x240</size>
         <input_file_ref idref="fl-d6"/>
      </object_component>
      <object_component id="oc-217">
         <name>.debug_info</name>
         <load_address>0x12c85</load_address>
         <run_address>0x12c85</run_address>
         <size>0x15b</size>
         <input_file_ref idref="fl-d6"/>
      </object_component>
      <object_component id="oc-110">
         <name>.debug_info</name>
         <load_address>0x12de0</load_address>
         <run_address>0x12de0</run_address>
         <size>0x2a3</size>
         <input_file_ref idref="fl-d6"/>
      </object_component>
      <object_component id="oc-20e">
         <name>.debug_info</name>
         <load_address>0x13083</load_address>
         <run_address>0x13083</run_address>
         <size>0x2b3</size>
         <input_file_ref idref="fl-d6"/>
      </object_component>
      <object_component id="oc-208">
         <name>.debug_info</name>
         <load_address>0x13336</load_address>
         <run_address>0x13336</run_address>
         <size>0x316</size>
         <input_file_ref idref="fl-d6"/>
      </object_component>
      <object_component id="oc-10a">
         <name>.debug_info</name>
         <load_address>0x1364c</load_address>
         <run_address>0x1364c</run_address>
         <size>0x2b7</size>
         <input_file_ref idref="fl-d6"/>
      </object_component>
      <object_component id="oc-11d">
         <name>.debug_info</name>
         <load_address>0x13903</load_address>
         <run_address>0x13903</run_address>
         <size>0x279</size>
         <input_file_ref idref="fl-d6"/>
      </object_component>
      <object_component id="oc-117">
         <name>.debug_info</name>
         <load_address>0x13b7c</load_address>
         <run_address>0x13b7c</run_address>
         <size>0x280</size>
         <input_file_ref idref="fl-d6"/>
      </object_component>
      <object_component id="oc-1bd">
         <name>.debug_info</name>
         <load_address>0x13dfc</load_address>
         <run_address>0x13dfc</run_address>
         <size>0x298</size>
         <input_file_ref idref="fl-d8"/>
      </object_component>
      <object_component id="oc-1af">
         <name>.debug_info</name>
         <load_address>0x14094</load_address>
         <run_address>0x14094</run_address>
         <size>0x14d</size>
         <input_file_ref idref="fl-d8"/>
      </object_component>
      <object_component id="oc-1b2">
         <name>.debug_info</name>
         <load_address>0x141e1</load_address>
         <run_address>0x141e1</run_address>
         <size>0x159</size>
         <input_file_ref idref="fl-d8"/>
      </object_component>
      <object_component id="oc-274">
         <name>.debug_info</name>
         <load_address>0x1433a</load_address>
         <run_address>0x1433a</run_address>
         <size>0x153</size>
         <input_file_ref idref="fl-d8"/>
      </object_component>
      <object_component id="oc-1b5">
         <name>.debug_info</name>
         <load_address>0x1448d</load_address>
         <run_address>0x1448d</run_address>
         <size>0x160</size>
         <input_file_ref idref="fl-d8"/>
      </object_component>
      <object_component id="oc-105">
         <name>.debug_info</name>
         <load_address>0x145ed</load_address>
         <run_address>0x145ed</run_address>
         <size>0x27f</size>
         <input_file_ref idref="fl-d8"/>
      </object_component>
      <object_component id="oc-ff">
         <name>.debug_info</name>
         <load_address>0x1486c</load_address>
         <run_address>0x1486c</run_address>
         <size>0x27d</size>
         <input_file_ref idref="fl-d8"/>
      </object_component>
      <object_component id="oc-129">
         <name>.debug_info</name>
         <load_address>0x14ae9</load_address>
         <run_address>0x14ae9</run_address>
         <size>0x2b5</size>
         <input_file_ref idref="fl-d8"/>
      </object_component>
      <object_component id="oc-1a3">
         <name>.debug_info</name>
         <load_address>0x14d9e</load_address>
         <run_address>0x14d9e</run_address>
         <size>0x270</size>
         <input_file_ref idref="fl-d8"/>
      </object_component>
      <object_component id="oc-1a9">
         <name>.debug_info</name>
         <load_address>0x1500e</load_address>
         <run_address>0x1500e</run_address>
         <size>0x2ba</size>
         <input_file_ref idref="fl-d8"/>
      </object_component>
      <object_component id="oc-ad">
         <name>.debug_info</name>
         <load_address>0x152c8</load_address>
         <run_address>0x152c8</run_address>
         <size>0x49a</size>
         <input_file_ref idref="fl-d8"/>
      </object_component>
      <object_component id="oc-280">
         <name>.debug_info</name>
         <load_address>0x15762</load_address>
         <run_address>0x15762</run_address>
         <size>0x5f</size>
         <input_file_ref idref="fl-d8"/>
      </object_component>
      <object_component id="oc-33e">
         <name>.debug_info</name>
         <load_address>0x157c1</load_address>
         <run_address>0x157c1</run_address>
         <size>0x9a</size>
      </object_component>
      <object_component id="oc-2c3">
         <name>.debug_line</name>
         <load_address>0x0</load_address>
         <run_address>0x0</run_address>
         <size>0x20</size>
         <input_file_ref idref="fl-2"/>
      </object_component>
      <object_component id="oc-1a0">
         <name>.debug_line</name>
         <load_address>0x20</load_address>
         <run_address>0x20</run_address>
         <size>0x2d</size>
         <input_file_ref idref="fl-2"/>
      </object_component>
      <object_component id="oc-1d4">
         <name>.debug_line</name>
         <load_address>0x4d</load_address>
         <run_address>0x4d</run_address>
         <size>0x6a</size>
         <input_file_ref idref="fl-2"/>
      </object_component>
      <object_component id="oc-1d9">
         <name>.debug_line</name>
         <load_address>0xb7</load_address>
         <run_address>0xb7</run_address>
         <size>0x31</size>
         <input_file_ref idref="fl-2"/>
      </object_component>
      <object_component id="oc-1d">
         <name>.debug_line</name>
         <load_address>0xe8</load_address>
         <run_address>0xe8</run_address>
         <size>0x20</size>
         <input_file_ref idref="fl-2"/>
      </object_component>
      <object_component id="oc-2c7">
         <name>.debug_line</name>
         <load_address>0x108</load_address>
         <run_address>0x108</run_address>
         <size>0x31</size>
         <input_file_ref idref="fl-2"/>
      </object_component>
      <object_component id="oc-182">
         <name>.debug_line</name>
         <load_address>0x139</load_address>
         <run_address>0x139</run_address>
         <size>0x31</size>
         <input_file_ref idref="fl-2"/>
      </object_component>
      <object_component id="oc-1de">
         <name>.debug_line</name>
         <load_address>0x16a</load_address>
         <run_address>0x16a</run_address>
         <size>0x6e</size>
         <input_file_ref idref="fl-2"/>
      </object_component>
      <object_component id="oc-bd">
         <name>.debug_line</name>
         <load_address>0x1d8</load_address>
         <run_address>0x1d8</run_address>
         <size>0x6b</size>
         <input_file_ref idref="fl-2"/>
      </object_component>
      <object_component id="oc-1cf">
         <name>.debug_line</name>
         <load_address>0x243</load_address>
         <run_address>0x243</run_address>
         <size>0x66</size>
         <input_file_ref idref="fl-2"/>
      </object_component>
      <object_component id="oc-17d">
         <name>.debug_line</name>
         <load_address>0x2a9</load_address>
         <run_address>0x2a9</run_address>
         <size>0x32</size>
         <input_file_ref idref="fl-2"/>
      </object_component>
      <object_component id="oc-18d">
         <name>.debug_line</name>
         <load_address>0x2db</load_address>
         <run_address>0x2db</run_address>
         <size>0x2d</size>
         <input_file_ref idref="fl-2"/>
      </object_component>
      <object_component id="oc-2ca">
         <name>.debug_line</name>
         <load_address>0x308</load_address>
         <run_address>0x308</run_address>
         <size>0x5d</size>
         <input_file_ref idref="fl-3"/>
      </object_component>
      <object_component id="oc-19b">
         <name>.debug_line</name>
         <load_address>0x365</load_address>
         <run_address>0x365</run_address>
         <size>0x66</size>
         <input_file_ref idref="fl-3"/>
      </object_component>
      <object_component id="oc-269">
         <name>.debug_line</name>
         <load_address>0x3cb</load_address>
         <run_address>0x3cb</run_address>
         <size>0x31</size>
         <input_file_ref idref="fl-3"/>
      </object_component>
      <object_component id="oc-2ce">
         <name>.debug_line</name>
         <load_address>0x3fc</load_address>
         <run_address>0x3fc</run_address>
         <size>0x35</size>
         <input_file_ref idref="fl-3"/>
      </object_component>
      <object_component id="oc-2d3">
         <name>.debug_line</name>
         <load_address>0x431</load_address>
         <run_address>0x431</run_address>
         <size>0x35</size>
         <input_file_ref idref="fl-3"/>
      </object_component>
      <object_component id="oc-264">
         <name>.debug_line</name>
         <load_address>0x466</load_address>
         <run_address>0x466</run_address>
         <size>0x2f</size>
         <input_file_ref idref="fl-3"/>
      </object_component>
      <object_component id="oc-2b7">
         <name>.debug_line</name>
         <load_address>0x495</load_address>
         <run_address>0x495</run_address>
         <size>0x2d</size>
         <input_file_ref idref="fl-4"/>
      </object_component>
      <object_component id="oc-2b5">
         <name>.debug_line</name>
         <load_address>0x4c2</load_address>
         <run_address>0x4c2</run_address>
         <size>0x2f</size>
         <input_file_ref idref="fl-4"/>
      </object_component>
      <object_component id="oc-2b3">
         <name>.debug_line</name>
         <load_address>0x4f1</load_address>
         <run_address>0x4f1</run_address>
         <size>0x2f</size>
         <input_file_ref idref="fl-4"/>
      </object_component>
      <object_component id="oc-157">
         <name>.debug_line</name>
         <load_address>0x520</load_address>
         <run_address>0x520</run_address>
         <size>0xb2</size>
         <input_file_ref idref="fl-4"/>
      </object_component>
      <object_component id="oc-2b9">
         <name>.debug_line</name>
         <load_address>0x5d2</load_address>
         <run_address>0x5d2</run_address>
         <size>0x20</size>
         <input_file_ref idref="fl-5"/>
      </object_component>
      <object_component id="oc-15d">
         <name>.debug_line</name>
         <load_address>0x5f2</load_address>
         <run_address>0x5f2</run_address>
         <size>0xe3</size>
         <input_file_ref idref="fl-5"/>
      </object_component>
      <object_component id="oc-1c6">
         <name>.debug_line</name>
         <load_address>0x6d5</load_address>
         <run_address>0x6d5</run_address>
         <size>0xae</size>
         <input_file_ref idref="fl-6"/>
      </object_component>
      <object_component id="oc-1bf">
         <name>.debug_line</name>
         <load_address>0x783</load_address>
         <run_address>0x783</run_address>
         <size>0x2d</size>
         <input_file_ref idref="fl-6"/>
      </object_component>
      <object_component id="oc-76">
         <name>.debug_line</name>
         <load_address>0x7b0</load_address>
         <run_address>0x7b0</run_address>
         <size>0xff</size>
         <input_file_ref idref="fl-6"/>
      </object_component>
      <object_component id="oc-1ca">
         <name>.debug_line</name>
         <load_address>0x8af</load_address>
         <run_address>0x8af</run_address>
         <size>0x2e</size>
         <input_file_ref idref="fl-6"/>
      </object_component>
      <object_component id="oc-1c3">
         <name>.debug_line</name>
         <load_address>0x8dd</load_address>
         <run_address>0x8dd</run_address>
         <size>0x2f</size>
         <input_file_ref idref="fl-6"/>
      </object_component>
      <object_component id="oc-2c1">
         <name>.debug_line</name>
         <load_address>0x90c</load_address>
         <run_address>0x90c</run_address>
         <size>0x3a</size>
         <input_file_ref idref="fl-7"/>
      </object_component>
      <object_component id="oc-2e7">
         <name>.debug_line</name>
         <load_address>0x946</load_address>
         <run_address>0x946</run_address>
         <size>0x2d</size>
         <input_file_ref idref="fl-7"/>
      </object_component>
      <object_component id="oc-2bf">
         <name>.debug_line</name>
         <load_address>0x973</load_address>
         <run_address>0x973</run_address>
         <size>0x2d</size>
         <input_file_ref idref="fl-7"/>
      </object_component>
      <object_component id="oc-163">
         <name>.debug_line</name>
         <load_address>0x9a0</load_address>
         <run_address>0x9a0</run_address>
         <size>0x12f</size>
         <input_file_ref idref="fl-7"/>
      </object_component>
      <object_component id="oc-247">
         <name>.debug_line</name>
         <load_address>0xacf</load_address>
         <run_address>0xacf</run_address>
         <size>0xc2</size>
         <input_file_ref idref="fl-8"/>
      </object_component>
      <object_component id="oc-26c">
         <name>.debug_line</name>
         <load_address>0xb91</load_address>
         <run_address>0xb91</run_address>
         <size>0x6b</size>
         <input_file_ref idref="fl-9"/>
      </object_component>
      <object_component id="oc-aa">
         <name>.debug_line</name>
         <load_address>0xbfc</load_address>
         <run_address>0xbfc</run_address>
         <size>0x8a5</size>
         <input_file_ref idref="fl-9"/>
      </object_component>
      <object_component id="oc-270">
         <name>.debug_line</name>
         <load_address>0x14a1</load_address>
         <run_address>0x14a1</run_address>
         <size>0x2e</size>
         <input_file_ref idref="fl-9"/>
      </object_component>
      <object_component id="oc-196">
         <name>.debug_line</name>
         <load_address>0x14cf</load_address>
         <run_address>0x14cf</run_address>
         <size>0x2e</size>
         <input_file_ref idref="fl-9"/>
      </object_component>
      <object_component id="oc-8e">
         <name>.debug_line</name>
         <load_address>0x14fd</load_address>
         <run_address>0x14fd</run_address>
         <size>0x66</size>
         <input_file_ref idref="fl-a"/>
      </object_component>
      <object_component id="oc-25b">
         <name>.debug_line</name>
         <load_address>0x1563</load_address>
         <run_address>0x1563</run_address>
         <size>0xa4</size>
         <input_file_ref idref="fl-b"/>
      </object_component>
      <object_component id="oc-24e">
         <name>.debug_line</name>
         <load_address>0x1607</load_address>
         <run_address>0x1607</run_address>
         <size>0x2e</size>
         <input_file_ref idref="fl-b"/>
      </object_component>
      <object_component id="oc-250">
         <name>.debug_line</name>
         <load_address>0x1635</load_address>
         <run_address>0x1635</run_address>
         <size>0x2e</size>
         <input_file_ref idref="fl-b"/>
      </object_component>
      <object_component id="oc-254">
         <name>.debug_line</name>
         <load_address>0x1663</load_address>
         <run_address>0x1663</run_address>
         <size>0x2e</size>
         <input_file_ref idref="fl-b"/>
      </object_component>
      <object_component id="oc-258">
         <name>.debug_line</name>
         <load_address>0x1691</load_address>
         <run_address>0x1691</run_address>
         <size>0x2e</size>
         <input_file_ref idref="fl-b"/>
      </object_component>
      <object_component id="oc-252">
         <name>.debug_line</name>
         <load_address>0x16bf</load_address>
         <run_address>0x16bf</run_address>
         <size>0x2e</size>
         <input_file_ref idref="fl-b"/>
      </object_component>
      <object_component id="oc-256">
         <name>.debug_line</name>
         <load_address>0x16ed</load_address>
         <run_address>0x16ed</run_address>
         <size>0x2e</size>
         <input_file_ref idref="fl-b"/>
      </object_component>
      <object_component id="oc-a4">
         <name>.debug_line</name>
         <load_address>0x171b</load_address>
         <run_address>0x171b</run_address>
         <size>0xe6e</size>
         <input_file_ref idref="fl-b"/>
      </object_component>
      <object_component id="oc-188">
         <name>.debug_line</name>
         <load_address>0x2589</load_address>
         <run_address>0x2589</run_address>
         <size>0x2d</size>
         <input_file_ref idref="fl-b"/>
      </object_component>
      <object_component id="oc-25f">
         <name>.debug_line</name>
         <load_address>0x25b6</load_address>
         <run_address>0x25b6</run_address>
         <size>0x2e</size>
         <input_file_ref idref="fl-b"/>
      </object_component>
      <object_component id="oc-98">
         <name>.debug_line</name>
         <load_address>0x25e4</load_address>
         <run_address>0x25e4</run_address>
         <size>0x8a</size>
         <input_file_ref idref="fl-e"/>
      </object_component>
      <object_component id="oc-205">
         <name>.debug_line</name>
         <load_address>0x266e</load_address>
         <run_address>0x266e</run_address>
         <size>0x20</size>
         <input_file_ref idref="fl-e"/>
      </object_component>
      <object_component id="oc-238">
         <name>.debug_line</name>
         <load_address>0x268e</load_address>
         <run_address>0x268e</run_address>
         <size>0xc3</size>
         <input_file_ref idref="fl-f"/>
      </object_component>
      <object_component id="oc-9e">
         <name>.debug_line</name>
         <load_address>0x2751</load_address>
         <run_address>0x2751</run_address>
         <size>0xb0</size>
         <input_file_ref idref="fl-f"/>
      </object_component>
      <object_component id="oc-151">
         <name>.debug_line</name>
         <load_address>0x2801</load_address>
         <run_address>0x2801</run_address>
         <size>0x55</size>
         <input_file_ref idref="fl-f"/>
      </object_component>
      <object_component id="oc-23">
         <name>.debug_line</name>
         <load_address>0x2856</load_address>
         <run_address>0x2856</run_address>
         <size>0x88</size>
         <input_file_ref idref="fl-c9"/>
      </object_component>
      <object_component id="oc-6a">
         <name>.debug_line</name>
         <load_address>0x28de</load_address>
         <run_address>0x28de</run_address>
         <size>0x79</size>
         <input_file_ref idref="fl-ca"/>
      </object_component>
      <object_component id="oc-91">
         <name>.debug_line</name>
         <load_address>0x2957</load_address>
         <run_address>0x2957</run_address>
         <size>0x9e</size>
         <input_file_ref idref="fl-cb"/>
      </object_component>
      <object_component id="oc-33">
         <name>.debug_line</name>
         <load_address>0x29f5</load_address>
         <run_address>0x29f5</run_address>
         <size>0x4f</size>
         <input_file_ref idref="fl-cb"/>
      </object_component>
      <object_component id="oc-63">
         <name>.debug_line</name>
         <load_address>0x2a44</load_address>
         <run_address>0x2a44</run_address>
         <size>0x34</size>
         <input_file_ref idref="fl-cb"/>
      </object_component>
      <object_component id="oc-5e">
         <name>.debug_line</name>
         <load_address>0x2a78</load_address>
         <run_address>0x2a78</run_address>
         <size>0x20</size>
         <input_file_ref idref="fl-cc"/>
      </object_component>
      <object_component id="oc-a">
         <name>.debug_line</name>
         <load_address>0x2a98</load_address>
         <run_address>0x2a98</run_address>
         <size>0x55</size>
         <input_file_ref idref="fl-cc"/>
      </object_component>
      <object_component id="oc-28">
         <name>.debug_line</name>
         <load_address>0x2aed</load_address>
         <run_address>0x2aed</run_address>
         <size>0x3a</size>
         <input_file_ref idref="fl-cc"/>
      </object_component>
      <object_component id="oc-5b">
         <name>.debug_line</name>
         <load_address>0x2b27</load_address>
         <run_address>0x2b27</run_address>
         <size>0x8a</size>
         <input_file_ref idref="fl-cc"/>
      </object_component>
      <object_component id="oc-8a">
         <name>.debug_line</name>
         <load_address>0x2bb1</load_address>
         <run_address>0x2bb1</run_address>
         <size>0x20</size>
         <input_file_ref idref="fl-cd"/>
      </object_component>
      <object_component id="oc-5">
         <name>.debug_line</name>
         <load_address>0x2bd1</load_address>
         <run_address>0x2bd1</run_address>
         <size>0xa9</size>
         <input_file_ref idref="fl-cd"/>
      </object_component>
      <object_component id="oc-18">
         <name>.debug_line</name>
         <load_address>0x2c7a</load_address>
         <run_address>0x2c7a</run_address>
         <size>0x3a</size>
         <input_file_ref idref="fl-cd"/>
      </object_component>
      <object_component id="oc-87">
         <name>.debug_line</name>
         <load_address>0x2cb4</load_address>
         <run_address>0x2cb4</run_address>
         <size>0x92</size>
         <input_file_ref idref="fl-cd"/>
      </object_component>
      <object_component id="oc-54">
         <name>.debug_line</name>
         <load_address>0x2d46</load_address>
         <run_address>0x2d46</run_address>
         <size>0x8e</size>
         <input_file_ref idref="fl-cd"/>
      </object_component>
      <object_component id="oc-50">
         <name>.debug_line</name>
         <load_address>0x2dd4</load_address>
         <run_address>0x2dd4</run_address>
         <size>0x33</size>
         <input_file_ref idref="fl-ce"/>
      </object_component>
      <object_component id="oc-3f">
         <name>.debug_line</name>
         <load_address>0x2e07</load_address>
         <run_address>0x2e07</run_address>
         <size>0x56</size>
         <input_file_ref idref="fl-ce"/>
      </object_component>
      <object_component id="oc-c1">
         <name>.debug_line</name>
         <load_address>0x2e5d</load_address>
         <run_address>0x2e5d</run_address>
         <size>0x3c</size>
         <input_file_ref idref="fl-cf"/>
      </object_component>
      <object_component id="oc-294">
         <name>.debug_line</name>
         <load_address>0x2e99</load_address>
         <run_address>0x2e99</run_address>
         <size>0xb7</size>
         <input_file_ref idref="fl-d2"/>
      </object_component>
      <object_component id="oc-cd">
         <name>.debug_line</name>
         <load_address>0x2f50</load_address>
         <run_address>0x2f50</run_address>
         <size>0x6c</size>
         <input_file_ref idref="fl-d2"/>
      </object_component>
      <object_component id="oc-298">
         <name>.debug_line</name>
         <load_address>0x2fbc</load_address>
         <run_address>0x2fbc</run_address>
         <size>0x2e</size>
         <input_file_ref idref="fl-d2"/>
      </object_component>
      <object_component id="oc-2dd">
         <name>.debug_line</name>
         <load_address>0x2fea</load_address>
         <run_address>0x2fea</run_address>
         <size>0x92</size>
         <input_file_ref idref="fl-d2"/>
      </object_component>
      <object_component id="oc-29d">
         <name>.debug_line</name>
         <load_address>0x307c</load_address>
         <run_address>0x307c</run_address>
         <size>0x8f</size>
         <input_file_ref idref="fl-d2"/>
      </object_component>
      <object_component id="oc-2a2">
         <name>.debug_line</name>
         <load_address>0x310b</load_address>
         <run_address>0x310b</run_address>
         <size>0x8b</size>
         <input_file_ref idref="fl-d2"/>
      </object_component>
      <object_component id="oc-6e">
         <name>.debug_line</name>
         <load_address>0x3196</load_address>
         <run_address>0x3196</run_address>
         <size>0x40</size>
         <input_file_ref idref="fl-d3"/>
      </object_component>
      <object_component id="oc-2ad">
         <name>.debug_line</name>
         <load_address>0x31d6</load_address>
         <run_address>0x31d6</run_address>
         <size>0x82</size>
         <input_file_ref idref="fl-d5"/>
      </object_component>
      <object_component id="oc-2af">
         <name>.debug_line</name>
         <load_address>0x3258</load_address>
         <run_address>0x3258</run_address>
         <size>0x7c</size>
         <input_file_ref idref="fl-d5"/>
      </object_component>
      <object_component id="oc-144">
         <name>.debug_line</name>
         <load_address>0x32d4</load_address>
         <run_address>0x32d4</run_address>
         <size>0xb2</size>
         <input_file_ref idref="fl-d5"/>
      </object_component>
      <object_component id="oc-227">
         <name>.debug_line</name>
         <load_address>0x3386</load_address>
         <run_address>0x3386</run_address>
         <size>0xa2</size>
         <input_file_ref idref="fl-d5"/>
      </object_component>
      <object_component id="oc-13e">
         <name>.debug_line</name>
         <load_address>0x3428</load_address>
         <run_address>0x3428</run_address>
         <size>0x131</size>
         <input_file_ref idref="fl-d5"/>
      </object_component>
      <object_component id="oc-234">
         <name>.debug_line</name>
         <load_address>0x3559</load_address>
         <run_address>0x3559</run_address>
         <size>0xa5</size>
         <input_file_ref idref="fl-d5"/>
      </object_component>
      <object_component id="oc-14a">
         <name>.debug_line</name>
         <load_address>0x35fe</load_address>
         <run_address>0x35fe</run_address>
         <size>0x10e</size>
         <input_file_ref idref="fl-d5"/>
      </object_component>
      <object_component id="oc-126">
         <name>.debug_line</name>
         <load_address>0x370c</load_address>
         <run_address>0x370c</run_address>
         <size>0xa9</size>
         <input_file_ref idref="fl-d5"/>
      </object_component>
      <object_component id="oc-138">
         <name>.debug_line</name>
         <load_address>0x37b5</load_address>
         <run_address>0x37b5</run_address>
         <size>0x91</size>
         <input_file_ref idref="fl-d5"/>
      </object_component>
      <object_component id="oc-132">
         <name>.debug_line</name>
         <load_address>0x3846</load_address>
         <run_address>0x3846</run_address>
         <size>0xd0</size>
         <input_file_ref idref="fl-d5"/>
      </object_component>
      <object_component id="oc-22d">
         <name>.debug_line</name>
         <load_address>0x3916</load_address>
         <run_address>0x3916</run_address>
         <size>0x7c</size>
         <input_file_ref idref="fl-d5"/>
      </object_component>
      <object_component id="oc-1bb">
         <name>.debug_line</name>
         <load_address>0x3992</load_address>
         <run_address>0x3992</run_address>
         <size>0x69</size>
         <input_file_ref idref="fl-d5"/>
      </object_component>
      <object_component id="oc-2a9">
         <name>.debug_line</name>
         <load_address>0x39fb</load_address>
         <run_address>0x39fb</run_address>
         <size>0x82</size>
         <input_file_ref idref="fl-d6"/>
      </object_component>
      <object_component id="oc-2ab">
         <name>.debug_line</name>
         <load_address>0x3a7d</load_address>
         <run_address>0x3a7d</run_address>
         <size>0x7d</size>
         <input_file_ref idref="fl-d6"/>
      </object_component>
      <object_component id="oc-113">
         <name>.debug_line</name>
         <load_address>0x3afa</load_address>
         <run_address>0x3afa</run_address>
         <size>0x92</size>
         <input_file_ref idref="fl-d6"/>
      </object_component>
      <object_component id="oc-211">
         <name>.debug_line</name>
         <load_address>0x3b8c</load_address>
         <run_address>0x3b8c</run_address>
         <size>0x95</size>
         <input_file_ref idref="fl-d6"/>
      </object_component>
      <object_component id="oc-20b">
         <name>.debug_line</name>
         <load_address>0x3c21</load_address>
         <run_address>0x3c21</run_address>
         <size>0xd1</size>
         <input_file_ref idref="fl-d6"/>
      </object_component>
      <object_component id="oc-10d">
         <name>.debug_line</name>
         <load_address>0x3cf2</load_address>
         <run_address>0x3cf2</run_address>
         <size>0x99</size>
         <input_file_ref idref="fl-d6"/>
      </object_component>
      <object_component id="oc-120">
         <name>.debug_line</name>
         <load_address>0x3d8b</load_address>
         <run_address>0x3d8b</run_address>
         <size>0x93</size>
         <input_file_ref idref="fl-d6"/>
      </object_component>
      <object_component id="oc-11a">
         <name>.debug_line</name>
         <load_address>0x3e1e</load_address>
         <run_address>0x3e1e</run_address>
         <size>0xa7</size>
         <input_file_ref idref="fl-d6"/>
      </object_component>
      <object_component id="oc-27f">
         <name>.debug_line</name>
         <load_address>0x3ec5</load_address>
         <run_address>0x3ec5</run_address>
         <size>0x13d</size>
         <input_file_ref idref="fl-d8"/>
      </object_component>
      <object_component id="oc-279">
         <name>.debug_line</name>
         <load_address>0x4002</load_address>
         <run_address>0x4002</run_address>
         <size>0x7f</size>
         <input_file_ref idref="fl-d8"/>
      </object_component>
      <object_component id="oc-27b">
         <name>.debug_line</name>
         <load_address>0x4081</load_address>
         <run_address>0x4081</run_address>
         <size>0x7f</size>
         <input_file_ref idref="fl-d8"/>
      </object_component>
      <object_component id="oc-2d6">
         <name>.debug_line</name>
         <load_address>0x4100</load_address>
         <run_address>0x4100</run_address>
         <size>0x7f</size>
         <input_file_ref idref="fl-d8"/>
      </object_component>
      <object_component id="oc-27d">
         <name>.debug_line</name>
         <load_address>0x417f</load_address>
         <run_address>0x417f</run_address>
         <size>0x7f</size>
         <input_file_ref idref="fl-d8"/>
      </object_component>
      <object_component id="oc-108">
         <name>.debug_line</name>
         <load_address>0x41fe</load_address>
         <run_address>0x41fe</run_address>
         <size>0x94</size>
         <input_file_ref idref="fl-d8"/>
      </object_component>
      <object_component id="oc-102">
         <name>.debug_line</name>
         <load_address>0x4292</load_address>
[...]
      </symbol>
      <symbol id="sm-154">
         <name>vPortEnableVFP</name>
         <value>0xa945</value>
         <object_component_ref idref="oc-243"/>
      </symbol>
      <symbol id="sm-155">
         <name>xPortPendSVHandler</name>
         <value>0xa8a1</value>
         <object_component_ref idref="oc-243"/>
      </symbol>
      <symbol id="sm-156">
         <name>vPortSVCHandler</name>
         <value>0xa901</value>
         <object_component_ref idref="oc-243"/>
      </symbol>
      <symbol id="sm-21d">
         <name>xQueueRegistry</name>
         <value>0x7690</value>
      </symbol>
      <symbol id="sm-21e">
         <name>xQueuePeekFromISR</name>
         <value>0x98bb</value>
         <object_component_ref idref="oc-a6"/>
      </symbol>
      <symbol id="sm-21f">
         <name>xQueueIsQueueEmptyFromISR</name>
         <value>0x9b8b</value>
         <object_component_ref idref="oc-a6"/>
      </symbol>
      <symbol id="sm-220">
         <name>xQueueGenericSendFromISR</name>
         <value>0x9351</value>
         <object_component_ref idref="oc-a6"/>
      </symbol>
      <symbol id="sm-221">
         <name>uxQueueMessagesWaiting</name>
         <value>0x990d</value>
         <object_component_ref idref="oc-a6"/>
      </symbol>
      <symbol id="sm-222">
         <name>vQueueAddToRegistry</name>
         <value>0x9bf7</value>
         <object_component_ref idref="oc-a6"/>
      </symbol>
      <symbol id="sm-223">
         <name>xQueueIsQueueFullFromISR</name>
         <value>0x9bd1</value>
         <object_component_ref idref="oc-a6"/>
      </symbol>
      <symbol id="sm-224">
         <name>xQueueGenericCreate</name>
         <value>0x90b9</value>
         <object_component_ref idref="oc-a6"/>
      </symbol>
      <symbol id="sm-225">
         <name>xQueueCreateMutex</name>
         <value>0x9177</value>
         <object_component_ref idref="oc-a6"/>
      </symbol>
      <symbol id="sm-226">
         <name>vQueueSetQueueNumber</name>
         <value>0x997d</value>
         <object_component_ref idref="oc-a6"/>
      </symbol>
      <symbol id="sm-227">
         <name>xQueueGenericSend</name>
         <value>0x9223</value>
         <object_component_ref idref="oc-a6"/>
      </symbol>
      <symbol id="sm-228">
         <name>xQueueGenericReset</name>
         <value>0x9019</value>
         <object_component_ref idref="oc-a6"/>
      </symbol>
      <symbol id="sm-229">
         <name>xQueueReceiveFromISR</name>
         <value>0x9821</value>
         <object_component_ref idref="oc-a6"/>
      </symbol>
      <symbol id="sm-22a">
         <name>uxQueueSpacesAvailable</name>
         <value>0x9923</value>
         <object_component_ref idref="oc-a6"/>
      </symbol>
      <symbol id="sm-22b">
         <name>xQueueGiveMutexRecursive</name>
         <value>0x91a3</value>
         <object_component_ref idref="oc-a6"/>
      </symbol>
      <symbol id="sm-22c">
         <name>xQueueSemaphoreTake</name>
         <value>0x95a1</value>
         <object_component_ref idref="oc-a6"/>
      </symbol>
      <symbol id="sm-22d">
         <name>vQueueUnregisterQueue</name>
         <value>0x9c79</value>
         <object_component_ref idref="oc-a6"/>
      </symbol>
      <symbol id="sm-22e">
         <name>xQueueGiveFromISR</name>
         <value>0x93ed</value>
         <object_component_ref idref="oc-a6"/>
      </symbol>
      <symbol id="sm-22f">
         <name>uxQueueMessagesWaitingFromISR</name>
         <value>0x9943</value>
         <object_component_ref idref="oc-a6"/>
      </symbol>
      <symbol id="sm-230">
         <name>uxQueueGetQueueNumber</name>
         <value>0x996f</value>
         <object_component_ref idref="oc-a6"/>
      </symbol>
      <symbol id="sm-231">
         <name>xQueueTakeMutexRecursive</name>
         <value>0x91df</value>
         <object_component_ref idref="oc-a6"/>
      </symbol>
      <symbol id="sm-232">
         <name>vQueueDelete</name>
         <value>0x9959</value>
         <object_component_ref idref="oc-a6"/>
      </symbol>
      <symbol id="sm-233">
         <name>xQueuePeek</name>
         <value>0x96fd</value>
         <object_component_ref idref="oc-a6"/>
      </symbol>
      <symbol id="sm-234">
         <name>xQueueReceive</name>
         <value>0x9481</value>
         <object_component_ref idref="oc-a6"/>
      </symbol>
      <symbol id="sm-235">
         <name>pcQueueGetName</name>
         <value>0x9c39</value>
         <object_component_ref idref="oc-a6"/>
      </symbol>
      <symbol id="sm-236">
         <name>ucQueueGetQueueType</name>
         <value>0x998f</value>
         <object_component_ref idref="oc-a6"/>
      </symbol>
      <symbol id="sm-420">
         <name>vTaskDelay</name>
         <value>0x7a8d</value>
         <object_component_ref idref="oc-a0"/>
      </symbol>
      <symbol id="sm-421">
         <name>vTaskSuspendAll</name>
         <value>0x7f91</value>
         <object_component_ref idref="oc-a0"/>
      </symbol>
      <symbol id="sm-422">
         <name>vTaskPlaceOnEventList</name>
         <value>0x839b</value>
         <object_component_ref idref="oc-a0"/>
      </symbol>
      <symbol id="sm-423">
         <name>vTaskSetTaskNumber</name>
         <value>0x85cd</value>
         <object_component_ref idref="oc-a0"/>
      </symbol>
      <symbol id="sm-424">
         <name>uxTaskPriorityGetFromISR</name>
         <value>0x7ba9</value>
         <object_component_ref idref="oc-a0"/>
      </symbol>
      <symbol id="sm-425">
         <name>ulTaskNotifyTake</name>
         <value>0x8b59</value>
         <object_component_ref idref="oc-a0"/>
      </symbol>
      <symbol id="sm-426">
         <name>pcTaskGetName</name>
         <value>0x80b7</value>
         <object_component_ref idref="oc-a0"/>
      </symbol>
      <symbol id="sm-427">
         <name>xTaskCheckForTimeOut</name>
         <value>0x851d</value>
         <object_component_ref idref="oc-a0"/>
      </symbol>
      <symbol id="sm-428">
         <name>vTaskRemoveFromUnorderedEventList</name>
         <value>0x8471</value>
         <object_component_ref idref="oc-a0"/>
      </symbol>
      <symbol id="sm-429">
         <name>vTaskPrioritySet</name>
         <value>0x7bf1</value>
         <object_component_ref idref="oc-a0"/>
      </symbol>
      <symbol id="sm-42a">
         <name>xTaskPriorityDisinherit</name>
         <value>0x89a5</value>
         <object_component_ref idref="oc-a0"/>
      </symbol>
      <symbol id="sm-42b">
         <name>vTaskStartScheduler</name>
         <value>0x7f25</value>
         <object_component_ref idref="oc-a0"/>
      </symbol>
      <symbol id="sm-42c">
         <name>vTaskInternalSetTimeOutState</name>
         <value>0x84f7</value>
         <object_component_ref idref="oc-a0"/>
      </symbol>
      <symbol id="sm-42d">
         <name>xTaskNotifyStateClear</name>
         <value>0x8f1d</value>
         <object_component_ref idref="oc-a0"/>
      </symbol>
      <symbol id="sm-42e">
         <name>pvTaskIncrementMutexHeldCount</name>
         <value>0x8b3b</value>
         <object_component_ref idref="oc-a0"/>
      </symbol>
      <symbol id="sm-42f">
         <name>uxTaskGetStackHighWaterMark</name>
         <value>0x8819</value>
         <object_component_ref idref="oc-a0"/>
      </symbol>
      <symbol id="sm-430">
         <name>xTaskGenericNotify</name>
         <value>0x8c7b</value>
         <object_component_ref idref="oc-a0"/>
      </symbol>
      <symbol id="sm-431">
         <name>vTaskPriorityDisinheritAfterTimeout</name>
         <value>0x8a43</value>
         <object_component_ref idref="oc-a0"/>
      </symbol>
      <symbol id="sm-432">
         <name>xTaskCreate</name>
         <value>0x7755</value>
         <object_component_ref idref="oc-a0"/>
      </symbol>
      <symbol id="sm-433">
         <name>vTaskDelayUntil</name>
         <value>0x79fd</value>
         <object_component_ref idref="oc-a0"/>
      </symbol>
      <symbol id="sm-434">
         <name>uxTaskGetTaskNumber</name>
         <value>0x85ad</value>
         <object_component_ref idref="oc-a0"/>
      </symbol>
      <symbol id="sm-435">
         <name>vTaskEndScheduler</name>
         <value>0x7f6f</value>
         <object_component_ref idref="oc-a0"/>
      </symbol>
      <symbol id="sm-436">
         <name>xTaskNotifyWait</name>
         <value>0x8bd9</value>
         <object_component_ref idref="oc-a0"/>
      </symbol>
      <symbol id="sm-437">
         <name>vTaskMissedYield</name>
         <value>0x85a5</value>
         <object_component_ref idref="oc-a0"/>
      </symbol>
      <symbol id="sm-438">
         <name>uxTaskGetNumberOfTasks</name>
         <value>0x80b1</value>
         <object_component_ref idref="oc-a0"/>
      </symbol>
      <symbol id="sm-439">
         <name>xTaskGenericNotifyFromISR</name>
         <value>0x8d65</value>
         <object_component_ref idref="oc-a0"/>
      </symbol>
      <symbol id="sm-43a">
         <name>vTaskGetInfo</name>
         <value>0x8689</value>
         <object_component_ref idref="oc-a0"/>
      </symbol>
      <symbol id="sm-43b">
         <name>uxTaskPriorityGet</name>
         <value>0x7b7d</value>
         <object_component_ref idref="oc-a0"/>
      </symbol>
      <symbol id="sm-43c">
         <name>xTaskResumeAll</name>
         <value>0x7fa5</value>
         <object_component_ref idref="oc-a0"/>
      </symbol>
      <symbol id="sm-43d">
         <name>xTaskGetTickCount</name>
         <value>0x8087</value>
         <object_component_ref idref="oc-a0"/>
      </symbol>
      <symbol id="sm-43e">
         <name>uxTaskGetSystemState</name>
         <value>0x80dd</value>
         <object_component_ref idref="oc-a0"/>
      </symbol>
      <symbol id="sm-43f">
         <name>vTaskDelete</name>
         <value>0x794f</value>
         <object_component_ref idref="oc-a0"/>
      </symbol>
      <symbol id="sm-440">
         <name>pxCurrentTCB</name>
         <value>0xb218</value>
         <object_component_ref idref="oc-165"/>
      </symbol>
      <symbol id="sm-441">
         <name>vTaskNotifyGiveFromISR</name>
         <value>0x8e71</value>
         <object_component_ref idref="oc-a0"/>
      </symbol>
      <symbol id="sm-442">
         <name>eTaskGetState</name>
         <value>0x7acd</value>
         <object_component_ref idref="oc-a0"/>
      </symbol>
      <symbol id="sm-443">
         <name>vTaskSuspend</name>
         <value>0x7d09</value>
         <object_component_ref idref="oc-a0"/>
      </symbol>
      <symbol id="sm-444">
         <name>xTaskGetTickCountFromISR</name>
         <value>0x809d</value>
         <object_component_ref idref="oc-a0"/>
      </symbol>
      <symbol id="sm-445">
         <name>vTaskResume</name>
         <value>0x7e1d</value>
         <object_component_ref idref="oc-a0"/>
      </symbol>
      <symbol id="sm-446">
         <name>vTaskSetTimeOutState</name>
         <value>0x84d9</value>
         <object_component_ref idref="oc-a0"/>
      </symbol>
      <symbol id="sm-447">
         <name>xTaskIncrementTick</name>
         <value>0x81d1</value>
         <object_component_ref idref="oc-a0"/>
      </symbol>
      <symbol id="sm-448">
         <name>vTaskSwitchContext</name>
         <value>0x82f9</value>
         <object_component_ref idref="oc-a0"/>
      </symbol>
      <symbol id="sm-449">
         <name>uxTaskResetEventItemValue</name>
         <value>0x8b19</value>
         <object_component_ref idref="oc-a0"/>
      </symbol>
      <symbol id="sm-44a">
         <name>xTaskResumeFromISR</name>
         <value>0x7e97</value>
         <object_component_ref idref="oc-a0"/>
      </symbol>
      <symbol id="sm-44b">
         <name>xTaskGetCurrentTaskHandle</name>
         <value>0x8891</value>
         <object_component_ref idref="oc-a0"/>
      </symbol>
      <symbol id="sm-44c">
         <name>vTaskPlaceOnUnorderedEventList</name>
         <value>0x83b7</value>
         <object_component_ref idref="oc-a0"/>
      </symbol>
      <symbol id="sm-44d">
         <name>xTaskRemoveFromEventList</name>
         <value>0x83f1</value>
         <object_component_ref idref="oc-a0"/>
      </symbol>
      <symbol id="sm-44e">
         <name>xTaskPriorityInherit</name>
         <value>0x88c5</value>
         <object_component_ref idref="oc-a0"/>
      </symbol>
      <symbol id="sm-465">
         <name>ledInit</name>
         <value>0xabdd</value>
         <object_component_ref idref="oc-94"/>
      </symbol>
      <symbol id="sm-466">
         <name>ledOff</name>
         <value>0xac11</value>
         <object_component_ref idref="oc-94"/>
      </symbol>
      <symbol id="sm-467">
         <name>ledOn</name>
         <value>0xac03</value>
         <object_component_ref idref="oc-94"/>
      </symbol>
      <symbol id="sm-486">
         <name>CANsend</name>
         <value>0xa7bb</value>
         <object_component_ref idref="oc-9a"/>
      </symbol>
      <symbol id="sm-487">
         <name>CANrec</name>
         <value>0xa7eb</value>
         <object_component_ref idref="oc-9a"/>
      </symbol>
      <symbol id="sm-488">
         <name>CAN0_init</name>
         <value>0xa77d</value>
         <object_component_ref idref="oc-9a"/>
      </symbol>
      <symbol id="sm-4a3">
         <name>memcpy</name>
         <value>0xa9f1</value>
         <object_component_ref idref="oc-1f"/>
      </symbol>
      <symbol id="sm-4a4">
         <name>__aeabi_memcpy</name>
         <value>0xa9f1</value>
         <object_component_ref idref="oc-1f"/>
      </symbol>
      <symbol id="sm-4a5">
         <name>__aeabi_memcpy8</name>
         <value>0xa9f1</value>
         <object_component_ref idref="oc-1f"/>
      </symbol>
      <symbol id="sm-4a6">
         <name>__aeabi_memcpy4</name>
         <value>0xa9f1</value>
         <object_component_ref idref="oc-1f"/>
      </symbol>
      <symbol id="sm-4b5">
         <name>__aeabi_memset</name>
         <value>0xaa8f</value>
         <object_component_ref idref="oc-66"/>
      </symbol>
      <symbol id="sm-4b6">
         <name>memset</name>
         <value>0xaa95</value>
         <object_component_ref idref="oc-66"/>
      </symbol>
      <symbol id="sm-4b7">
         <name>__aeabi_memset8</name>
         <value>0xaa8f</value>
         <object_component_ref idref="oc-66"/>
      </symbol>
      <symbol id="sm-4b8">
         <name>__aeabi_memset4</name>
         <value>0xaa8f</value>
         <object_component_ref idref="oc-66"/>
      </symbol>
      <symbol id="sm-4b9">
         <name>__aeabi_memclr8</name>
         <value>0xaa8d</value>
         <object_component_ref idref="oc-66"/>
      </symbol>
      <symbol id="sm-4ba">
         <name>__aeabi_memclr4</name>
         <value>0xaa8d</value>
         <object_component_ref idref="oc-66"/>
      </symbol>
      <symbol id="sm-4bb">
         <name>__aeabi_memclr</name>
         <value>0xaa8d</value>
         <object_component_ref idref="oc-66"/>
      </symbol>
      <symbol id="sm-4cd">
         <name>__TI_zero_init</name>
         <value>0xaeed</value>
         <object_component_ref idref="oc-31"/>
      </symbol>
      <symbol id="sm-4e4">
         <name>__TI_decompress_none</name>
         <value>0xaedf</value>
         <object_component_ref idref="oc-9"/>
      </symbol>
      <symbol id="sm-507">
         <name>__TI_decompress_lzss</name>
         <value>0xab75</value>
         <object_component_ref idref="oc-3"/>
      </symbol>
      <symbol id="sm-51a">
         <name>__stack</name>
         <value>0xb278</value>
         <object_component_ref idref="oc-11"/>
      </symbol>
      <symbol id="sm-51b">
         <name>_c_int00_noargs</name>
         <value>0xadb1</value>
         <object_component_ref idref="oc-3d"/>
      </symbol>
      <symbol id="sm-526">
         <name>C$$EXIT</name>
         <value>0xaf0d</value>
         <object_component_ref idref="oc-bf"/>
      </symbol>
      <symbol id="sm-527">
         <name>abort</name>
         <value>0xaf0d</value>
         <object_component_ref idref="oc-bf"/>
      </symbol>
      <symbol id="sm-551">
         <name>__TI_auto_init_nobinit_nopinit</name>
         <value>0xacb9</value>
         <object_component_ref idref="oc-cb"/>
      </symbol>
      <symbol id="sm-55b">
         <name>_system_pre_init</name>
         <value>0xaf09</value>
         <object_component_ref idref="oc-6c"/>
      </symbol>
      <symbol id="sm-5e6">
         <name>CANMessageGet</name>
         <value>0xa66d</value>
         <object_component_ref idref="oc-146"/>
      </symbol>
      <symbol id="sm-5e7">
         <name>CANBitRateSet</name>
         <value>0xab09</value>
         <object_component_ref idref="oc-12e"/>
      </symbol>
      <symbol id="sm-5e8">
         <name>CANEnable</name>
         <value>0xaef9</value>
         <object_component_ref idref="oc-134"/>
      </symbol>
      <symbol id="sm-5e9">
         <name>CANStatusGet</name>
         <value>0xacfd</value>
         <object_component_ref idref="oc-140"/>
      </symbol>
      <symbol id="sm-5ea">
         <name>CANMessageSet</name>
         <value>0xa1c9</value>
         <object_component_ref idref="oc-13a"/>
      </symbol>
      <symbol id="sm-5eb">
         <name>CANInit</name>
         <value>0xad3d</value>
         <object_component_ref idref="oc-122"/>
      </symbol>
      <symbol id="sm-62d">
         <name>GPIOPinConfigure</name>
         <value>0xac29</value>
         <object_component_ref idref="oc-116"/>
      </symbol>
      <symbol id="sm-62e">
         <name>GPIOPinTypeGPIOOutput</name>
         <value>0xaeb5</value>
         <object_component_ref idref="oc-109"/>
      </symbol>
      <symbol id="sm-62f">
         <name>GPIODirModeSet</name>
         <value>0xae1d</value>
         <object_component_ref idref="oc-20d"/>
      </symbol>
      <symbol id="sm-630">
         <name>GPIOPinWrite</name>
         <value>0xaf03</value>
         <object_component_ref idref="oc-10f"/>
      </symbol>
      <symbol id="sm-631">
         <name>GPIOPadConfigSet</name>
         <value>0xa2ff</value>
         <object_component_ref idref="oc-207"/>
      </symbol>
      <symbol id="sm-632">
         <name>GPIOPinTypeCAN</name>
         <value>0xaecd</value>
         <object_component_ref idref="oc-11c"/>
      </symbol>
      <symbol id="sm-6cc">
         <name>SysCtlPeripheralEnable</name>
         <value>0xade9</value>
         <object_component_ref idref="oc-fd"/>
      </symbol>
      <symbol id="sm-6cd">
         <name>SysCtlClockGet</name>
         <value>0xa55d</value>
         <object_component_ref idref="oc-128"/>
      </symbol>
      <symbol id="sm-6ce">
         <name>SysCtlPeripheralReady</name>
         <value>0xad79</value>
         <object_component_ref idref="oc-103"/>
      </symbol>
      <symbol id="sm-6cf">
         <name>SysCtlClockFreqSet</name>
         <value>0x9cc5</value>
         <object_component_ref idref="oc-ac"/>
      </symbol>
      <symbol id="sm-6d1">
         <name>__TI_static_base__</name>
         <value>0xb478</value>
      </symbol>
      <symbol id="sm-6d4">
         <name>__mpu_init</name>
         <value>0x0</value>
      </symbol>
      <symbol id="sm-6d5">
         <name>_system_post_cinit</name>
         <value>0x0</value>
      </symbol>
   </symbol_table>
   <title>Link successful</title>
</link_info>
